Component: ARM Compiler 5.06 update 5 (build 528) Tool: armlink [4d35e2]

==============================================================================

Section Cross References

    startup_stm32f10x_md.o(STACK) refers (Special) to heapauxi.o(.text) for __use_two_region_memory
    startup_stm32f10x_md.o(HEAP) refers (Special) to heapauxi.o(.text) for __use_two_region_memory
    startup_stm32f10x_md.o(RESET) refers (Special) to heapauxi.o(.text) for __use_two_region_memory
    startup_stm32f10x_md.o(RESET) refers to startup_stm32f10x_md.o(STACK) for __initial_sp
    startup_stm32f10x_md.o(RESET) refers to startup_stm32f10x_md.o(.text) for Reset_Handler
    startup_stm32f10x_md.o(RESET) refers to stm32f10x_it.o(i.NMI_Handler) for NMI_Handler
    startup_stm32f10x_md.o(RESET) refers to stm32f10x_it.o(i.HardFault_Handler) for HardFault_Handler
    startup_stm32f10x_md.o(RESET) refers to stm32f10x_it.o(i.MemManage_Handler) for MemManage_Handler
    startup_stm32f10x_md.o(RESET) refers to stm32f10x_it.o(i.BusFault_Handler) for BusFault_Handler
    startup_stm32f10x_md.o(RESET) refers to stm32f10x_it.o(i.UsageFault_Handler) for UsageFault_Handler
    startup_stm32f10x_md.o(RESET) refers to stm32f10x_it.o(i.SVC_Handler) for SVC_Handler
    startup_stm32f10x_md.o(RESET) refers to stm32f10x_it.o(i.DebugMon_Handler) for DebugMon_Handler
    startup_stm32f10x_md.o(RESET) refers to stm32f10x_it.o(i.PendSV_Handler) for PendSV_Handler
    startup_stm32f10x_md.o(RESET) refers to stm32f10x_it.o(i.SysTick_Handler) for SysTick_Handler
    startup_stm32f10x_md.o(RESET) refers to timer.o(i.TIM2_IRQHandler) for TIM2_IRQHandler
    startup_stm32f10x_md.o(RESET) refers to timer.o(i.TIM3_IRQHandler) for TIM3_IRQHandler
    startup_stm32f10x_md.o(.text) refers (Special) to heapauxi.o(.text) for __use_two_region_memory
    startup_stm32f10x_md.o(.text) refers to system_stm32f10x.o(i.SystemInit) for SystemInit
    startup_stm32f10x_md.o(.text) refers to __main.o(!!!main) for __main
    startup_stm32f10x_md.o(.text) refers to startup_stm32f10x_md.o(HEAP) for Heap_Mem
    startup_stm32f10x_md.o(.text) refers to startup_stm32f10x_md.o(STACK) for Stack_Mem
    system_stm32f10x.o(i.SetSysClock) refers to system_stm32f10x.o(i.SetSysClockTo72) for SetSysClockTo72
    system_stm32f10x.o(i.SystemCoreClockUpdate) refers to system_stm32f10x.o(.data) for SystemCoreClock
    system_stm32f10x.o(i.SystemInit) refers to system_stm32f10x.o(i.SetSysClock) for SetSysClock
    stm32f10x_adc.o(i.ADC_DeInit) refers to stm32f10x_rcc.o(i.RCC_APB2PeriphResetCmd) for RCC_APB2PeriphResetCmd
    stm32f10x_bkp.o(i.BKP_DeInit) refers to stm32f10x_rcc.o(i.RCC_BackupResetCmd) for RCC_BackupResetCmd
    stm32f10x_can.o(i.CAN_DeInit) refers to stm32f10x_rcc.o(i.RCC_APB1PeriphResetCmd) for RCC_APB1PeriphResetCmd
    stm32f10x_can.o(i.CAN_GetITStatus) refers to stm32f10x_can.o(i.CheckITStatus) for CheckITStatus
    stm32f10x_cec.o(i.CEC_DeInit) refers to stm32f10x_rcc.o(i.RCC_APB1PeriphResetCmd) for RCC_APB1PeriphResetCmd
    stm32f10x_dac.o(i.DAC_DeInit) refers to stm32f10x_rcc.o(i.RCC_APB1PeriphResetCmd) for RCC_APB1PeriphResetCmd
    stm32f10x_flash.o(i.FLASH_EnableWriteProtection) refers to stm32f10x_flash.o(i.FLASH_WaitForLastOperation) for FLASH_WaitForLastOperation
    stm32f10x_flash.o(i.FLASH_EraseAllBank1Pages) refers to stm32f10x_flash.o(i.FLASH_WaitForLastBank1Operation) for FLASH_WaitForLastBank1Operation
    stm32f10x_flash.o(i.FLASH_EraseAllPages) refers to stm32f10x_flash.o(i.FLASH_WaitForLastOperation) for FLASH_WaitForLastOperation
    stm32f10x_flash.o(i.FLASH_EraseOptionBytes) refers to stm32f10x_flash.o(i.FLASH_GetReadOutProtectionStatus) for FLASH_GetReadOutProtectionStatus
    stm32f10x_flash.o(i.FLASH_EraseOptionBytes) refers to stm32f10x_flash.o(i.FLASH_WaitForLastOperation) for FLASH_WaitForLastOperation
    stm32f10x_flash.o(i.FLASH_ErasePage) refers to stm32f10x_flash.o(i.FLASH_WaitForLastOperation) for FLASH_WaitForLastOperation
    stm32f10x_flash.o(i.FLASH_ProgramHalfWord) refers to stm32f10x_flash.o(i.FLASH_WaitForLastOperation) for FLASH_WaitForLastOperation
    stm32f10x_flash.o(i.FLASH_ProgramOptionByteData) refers to stm32f10x_flash.o(i.FLASH_WaitForLastOperation) for FLASH_WaitForLastOperation
    stm32f10x_flash.o(i.FLASH_ProgramWord) refers to stm32f10x_flash.o(i.FLASH_WaitForLastOperation) for FLASH_WaitForLastOperation
    stm32f10x_flash.o(i.FLASH_ReadOutProtection) refers to stm32f10x_flash.o(i.FLASH_WaitForLastOperation) for FLASH_WaitForLastOperation
    stm32f10x_flash.o(i.FLASH_UserOptionByteConfig) refers to stm32f10x_flash.o(i.FLASH_WaitForLastOperation) for FLASH_WaitForLastOperation
    stm32f10x_flash.o(i.FLASH_WaitForLastBank1Operation) refers to stm32f10x_flash.o(i.FLASH_GetBank1Status) for FLASH_GetBank1Status
    stm32f10x_flash.o(i.FLASH_WaitForLastOperation) refers to stm32f10x_flash.o(i.FLASH_GetBank1Status) for FLASH_GetBank1Status
[...]
    __rt_exit                                0x0800026b   Thumb Code     0  rtexit.o(.ARM.Collect$$rtexit$$00000000)
    __rt_exit_ls                             0x0800026d   Thumb Code     0  rtexit2.o(.ARM.Collect$$rtexit$$00000003)
    __rt_exit_prels_1                        0x0800026d   Thumb Code     0  rtexit2.o(.ARM.Collect$$rtexit$$00000002)
    __rt_exit_exit                           0x08000271   Thumb Code     0  rtexit2.o(.ARM.Collect$$rtexit$$00000004)
    rand                                     0x08000279   Thumb Code    48  rand.o(.emb_text)
    Reset_Handler                            0x080002ad   Thumb Code     8  startup_stm32f10x_md.o(.text)
    ADC1_2_IRQHandler                        0x080002c7   Thumb Code     0  startup_stm32f10x_md.o(.text)
    CAN1_RX1_IRQHandler                      0x080002c7   Thumb Code     0  startup_stm32f10x_md.o(.text)
    CAN1_SCE_IRQHandler                      0x080002c7   Thumb Code     0  startup_stm32f10x_md.o(.text)
    DMA1_Channel1_IRQHandler                 0x080002c7   Thumb Code     0  startup_stm32f10x_md.o(.text)
    DMA1_Channel2_IRQHandler                 0x080002c7   Thumb Code     0  startup_stm32f10x_md.o(.text)
    DMA1_Channel3_IRQHandler                 0x080002c7   Thumb Code     0  startup_stm32f10x_md.o(.text)
    DMA1_Channel4_IRQHandler                 0x080002c7   Thumb Code     0  startup_stm32f10x_md.o(.text)
    DMA1_Channel5_IRQHandler                 0x080002c7   Thumb Code     0  startup_stm32f10x_md.o(.text)
    DMA1_Channel6_IRQHandler                 0x080002c7   Thumb Code     0  startup_stm32f10x_md.o(.text)
    DMA1_Channel7_IRQHandler                 0x080002c7   Thumb Code     0  startup_stm32f10x_md.o(.text)
    EXTI0_IRQHandler                         0x080002c7   Thumb Code     0  startup_stm32f10x_md.o(.text)
    EXTI15_10_IRQHandler                     0x080002c7   Thumb Code     0  startup_stm32f10x_md.o(.text)
    EXTI1_IRQHandler                         0x080002c7   Thumb Code     0  startup_stm32f10x_md.o(.text)
    EXTI2_IRQHandler                         0x080002c7   Thumb Code     0  startup_stm32f10x_md.o(.text)
    EXTI3_IRQHandler                         0x080002c7   Thumb Code     0  startup_stm32f10x_md.o(.text)
    EXTI4_IRQHandler                         0x080002c7   Thumb Code     0  startup_stm32f10x_md.o(.text)
    EXTI9_5_IRQHandler                       0x080002c7   Thumb Code     0  startup_stm32f10x_md.o(.text)
    FLASH_IRQHandler                         0x080002c7   Thumb Code     0  startup_stm32f10x_md.o(.text)
    I2C1_ER_IRQHandler                       0x080002c7   Thumb Code     0  startup_stm32f10x_md.o(.text)
    I2C1_EV_IRQHandler                       0x080002c7   Thumb Code     0  startup_stm32f10x_md.o(.text)
    I2C2_ER_IRQHandler                       0x080002c7   Thumb Code     0  startup_stm32f10x_md.o(.text)
    I2C2_EV_IRQHandler                       0x080002c7   Thumb Code     0  startup_stm32f10x_md.o(.text)
    PVD_IRQHandler                           0x080002c7   Thumb Code     0  startup_stm32f10x_md.o(.text)
    RCC_IRQHandler                           0x080002c7   Thumb Code     0  startup_stm32f10x_md.o(.text)
    RTCAlarm_IRQHandler                      0x080002c7   Thumb Code     0  startup_stm32f10x_md.o(.text)
    RTC_IRQHandler                           0x080002c7   Thumb Code     0  startup_stm32f10x_md.o(.text)
    SPI1_IRQHandler                          0x080002c7   Thumb Code     0  startup_stm32f10x_md.o(.text)
    SPI2_IRQHandler                          0x080002c7   Thumb Code     0  startup_stm32f10x_md.o(.text)
    TAMPER_IRQHandler                        0x080002c7   Thumb Code     0  startup_stm32f10x_md.o(.text)
    TIM1_BRK_IRQHandler                      0x080002c7   Thumb Code     0  startup_stm32f10x_md.o(.text)
    TIM1_CC_IRQHandler                       0x080002c7   Thumb Code     0  startup_stm32f10x_md.o(.text)
    TIM1_TRG_COM_IRQHandler                  0x080002c7   Thumb Code     0  startup_stm32f10x_md.o(.text)
    TIM1_UP_IRQHandler                       0x080002c7   Thumb Code     0  startup_stm32f10x_md.o(.text)
    TIM4_IRQHandler                          0x080002c7   Thumb Code     0  startup_stm32f10x_md.o(.text)
    USART1_IRQHandler                        0x080002c7   Thumb Code     0  startup_stm32f10x_md.o(.text)
    USART2_IRQHandler                        0x080002c7   Thumb Code     0  startup_stm32f10x_md.o(.text)
    USART3_IRQHandler                        0x080002c7   Thumb Code     0  startup_stm32f10x_md.o(.text)
    USBWakeUp_IRQHandler                     0x080002c7   Thumb Code     0  startup_stm32f10x_md.o(.text)
    USB_HP_CAN1_TX_IRQHandler                0x080002c7   Thumb Code     0  startup_stm32f10x_md.o(.text)
    USB_LP_CAN1_RX0_IRQHandler               0x080002c7   Thumb Code     0  startup_stm32f10x_md.o(.text)
    WWDG_IRQHandler                          0x080002c7   Thumb Code     0  startup_stm32f10x_md.o(.text)
    __user_initial_stackheap                 0x080002c9   Thumb Code     0  startup_stm32f10x_md.o(.text)
    vsprintf                                 0x080002ed   Thumb Code    32  vsprintf.o(.text)
    __2sprintf                               0x08000311   Thumb Code    38  __2sprintf.o(.text)
    _printf_pre_padding                      0x0800033d   Thumb Code    44  _printf_pad.o(.text)
    _printf_post_padding                     0x08000369   Thumb Code    34  _printf_pad.o(.text)
    _printf_int_dec                          0x0800038d   Thumb Code   104  _printf_dec.o(.text)
    __printf                                 0x08000405   Thumb Code   388  __printf_flags_ss_wp.o(.text)
    srand                                    0x0800058d   Thumb Code    42  rand.o(.text)
    _rand_init                               0x080005b7   Thumb Code     4  rand.o(.text)
    __aeabi_memcpy4                          0x080005c9   Thumb Code     0  rt_memcpy_w.o(.text)
    __aeabi_memcpy8                          0x080005c9   Thumb Code     0  rt_memcpy_w.o(.text)
    __rt_memcpy_w                            0x080005c9   Thumb Code   100  rt_memcpy_w.o(.text)
    _memcpy_lastbytes_aligned                0x08000611   Thumb Code     0  rt_memcpy_w.o(.text)
    strcmp                                   0x0800062d   Thumb Code   128  strcmpv7m.o(.text)
    localtime                                0x080006ad   Thumb Code     6  localtime.o(.text)
    mktime                                   0x080006f7   Thumb Code   356  mktime.o(.text)
    __use_two_region_memory                  0x08000865   Thumb Code     2  heapauxi.o(.text)
    __rt_heap_escrow$2region                 0x08000867   Thumb Code     2  heapauxi.o(.text)
    __rt_heap_expand$2region                 0x08000869   Thumb Code     2  heapauxi.o(.text)
    __read_errno                             0x0800086b   Thumb Code    10  _rserrno.o(.text)
    __set_errno                              0x08000875   Thumb Code    12  _rserrno.o(.text)
    _printf_truncate_signed                  0x08000881   Thumb Code    18  _printf_truncate.o(.text)
    _printf_truncate_unsigned                0x08000893   Thumb Code    18  _printf_truncate.o(.text)
    _printf_str                              0x080008a5   Thumb Code    82  _printf_str.o(.text)
    _printf_int_common                       0x080008f7   Thumb Code   178  _printf_intcommon.o(.text)
    _printf_charcount                        0x080009a9   Thumb Code    40  _printf_charcount.o(.text)
    _printf_char_common                      0x080009db   Thumb Code    32  _printf_char_common.o(.text)
    _sputc                                   0x08000a01   Thumb Code    10  _sputc.o(.text)
    _printf_wctomb                           0x08000a0d   Thumb Code   182  _printf_wctomb.o(.text)
    _printf_longlong_dec                     0x08000ac9   Thumb Code   108  _printf_longlong_dec.o(.text)
    _printf_longlong_oct                     0x08000b45   Thumb Code    66  _printf_oct_int_ll.o(.text)
    _printf_int_oct                          0x08000b87   Thumb Code    24  _printf_oct_int_ll.o(.text)
    _printf_ll_oct                           0x08000b9f   Thumb Code    12  _printf_oct_int_ll.o(.text)
    _printf_longlong_hex                     0x08000bb5   Thumb Code    86  _printf_hex_int_ll_ptr.o(.text)
    _printf_int_hex                          0x08000c0b   Thumb Code    28  _printf_hex_int_ll_ptr.o(.text)
    _printf_ll_hex                           0x08000c27   Thumb Code    12  _printf_hex_int_ll_ptr.o(.text)
    _printf_hex_ptr                          0x08000c33   Thumb Code    18  _printf_hex_int_ll_ptr.o(.text)
    _localtime_r                             0x08000c49   Thumb Code   178  localtime_internal.o(.text)
    _n$localtime_r                           0x08000c49   Thumb Code     0  localtime_internal.o(.text)
    __aeabi_errno_addr                       0x08000d01   Thumb Code     8  rt_errno_addr_intlibspace.o(.text)
    __errno$intlibspace                      0x08000d01   Thumb Code     0  rt_errno_addr_intlibspace.o(.text)
    __rt_errno_addr$intlibspace              0x08000d01   Thumb Code     0  rt_errno_addr_intlibspace.o(.text)
    _ll_udiv10                               0x08000d09   Thumb Code   138  lludiv10.o(.text)
    __lib_sel_fp_printf                      0x08000d93   Thumb Code     2  _printf_fp_dec.o(.text)
    _printf_fp_dec_real                      0x08000f45   Thumb Code   620  _printf_fp_dec.o(.text)
    _printf_fp_hex_real                      0x080011b1   Thumb Code   756  _printf_fp_hex.o(.text)
    _printf_cs_common                        0x080014ad   Thumb Code    20  _printf_char.o(.text)
    _printf_char                             0x080014c1   Thumb Code    16  _printf_char.o(.text)
    _printf_string                           0x080014d1   Thumb Code     8  _printf_char.o(.text)
    _printf_lcs_common                       0x080014d9   Thumb Code    20  _printf_wchar.o(.text)
    _printf_wchar                            0x080014ed   Thumb Code    16  _printf_wchar.o(.text)
    _printf_wstring                          0x080014fd   Thumb Code     8  _printf_wchar.o(.text)
    _wcrtomb                                 0x08001505   Thumb Code    64  _wcrtomb.o(.text)
    __aeabi_memclr4                          0x08001545   Thumb Code     0  rt_memclr_w.o(.text)
    __aeabi_memclr8                          0x08001545   Thumb Code     0  rt_memclr_w.o(.text)
    __rt_memclr_w                            0x08001545   Thumb Code    78  rt_memclr_w.o(.text)
    _memset_w                                0x08001549   Thumb Code     0  rt_memclr_w.o(.text)
    __user_libspace                          0x08001595   Thumb Code     8  libspace.o(.text)
    __user_perproc_libspace                  0x08001595   Thumb Code     0  libspace.o(.text)
    __user_perthread_libspace                0x08001595   Thumb Code     0  libspace.o(.text)
    __user_setup_stackheap                   0x0800159d   Thumb Code    74  sys_stackheap_outer.o(.text)
    __rt_ctype_table                         0x080015e9   Thumb Code    16  rt_ctype_table.o(.text)
    __rt_locale                              0x080015f9   Thumb Code     8  rt_locale_intlibspace.o(.text)
    _printf_fp_infnan                        0x08001601   Thumb Code   112  _printf_fp_infnan.o(.text)
    _btod_etento                             0x08001681   Thumb Code   224  bigflt0.o(.text)
    exit                                     0x08001765   Thumb Code    18  exit.o(.text)
    __I$use$semihosting                      0x08001777   Thumb Code     0  use_no_semi.o(.text)
    __use_no_semihosting_swi                 0x08001777   Thumb Code     2  use_no_semi.o(.text)
    __semihosting_library_function           0x08001779   Thumb Code     0  indicate_semi.o(.text)
    _sys_exit                                0x08001779   Thumb Code     8  sys_exit.o(.text)
    _btod_d2e                                0x08001785   Thumb Code    62  btod.o(CL$$btod_d2e)
    _d2e_denorm_low                          0x080017c3   Thumb Code    70  btod.o(CL$$btod_d2e_denorm_low)
    _d2e_norm_op1                            0x08001809   Thumb Code    96  btod.o(CL$$btod_d2e_norm_op1)
    __btod_div_common                        0x08001869   Thumb Code   696  btod.o(CL$$btod_div_common)
    _e2e                                     0x08001ba1   Thumb Code   220  btod.o(CL$$btod_e2e)
    _btod_ediv                               0x08001c7d   Thumb Code    42  btod.o(CL$$btod_ediv)
    _btod_emul                               0x08001ca7   Thumb Code    42  btod.o(CL$$btod_emul)
    __btod_mult_common                       0x08001cd1   Thumb Code   580  btod.o(CL$$btod_mult_common)
    ADC_Cmd                                  0x08001f15   Thumb Code    22  stm32f10x_adc.o(i.ADC_Cmd)
    ADC_GetCalibrationStatus                 0x08001f2b   Thumb Code    20  stm32f10x_adc.o(i.ADC_GetCalibrationStatus)
    ADC_GetConversionValue                   0x08001f3f   Thumb Code     8  stm32f10x_adc.o(i.ADC_GetConversionValue)
    ADC_GetFlagStatus                        0x08001f47   Thumb Code    18  stm32f10x_adc.o(i.ADC_GetFlagStatus)
    ADC_GetResetCalibrationStatus            0x08001f59   Thumb Code    20  stm32f10x_adc.o(i.ADC_GetResetCalibrationStatus)
    ADC_Init                                 0x08001f6d   Thumb Code    70  stm32f10x_adc.o(i.ADC_Init)
    ADC_RegularChannelConfig                 0x08001fbd   Thumb Code   184  stm32f10x_adc.o(i.ADC_RegularChannelConfig)
    ADC_ResetCalibration                     0x08002075   Thumb Code    10  stm32f10x_adc.o(i.ADC_ResetCalibration)
    ADC_SoftwareStartConvCmd                 0x0800207f   Thumb Code    22  stm32f10x_adc.o(i.ADC_SoftwareStartConvCmd)
    ADC_StartCalibration                     0x08002095   Thumb Code    10  stm32f10x_adc.o(i.ADC_StartCalibration)
    AD_GetValue                              0x080020a1   Thumb Code    32  ad.o(i.AD_GetValue)
    AD_Init                                  0x080020c5   Thumb Code   150  ad.o(i.AD_Init)
    Alarm_CheckSecondTick                    0x08002165   Thumb Code    58  alarm.o(i.Alarm_CheckSecondTick)
    Alarm_Draw                               0x080021b5   Thumb Code   126  alarm.o(i.Alarm_Draw)
    Alarm_Enter                              0x08002261   Thumb Code     8  alarm.o(i.Alarm_Enter)
    Alarm_HandleKey                          0x0800226d   Thumb Code   158  alarm.o(i.Alarm_HandleKey)
    Alarm_Init                               0x08002321   Thumb Code    26  alarm.o(i.Alarm_Init)
    App_Init                                 0x08002351   Thumb Code    44  app.o(i.App_Init)
    App_Process                              0x0800237d   Thumb Code    78  app.o(i.App_Process)
    AutoSleep_EnterSleep                     0x080023d1   Thumb Code    16  auto_sleep.o(i.AutoSleep_EnterSleep)
    AutoSleep_Init                           0x080023e5   Thumb Code    12  auto_sleep.o(i.AutoSleep_Init)
    AutoSleep_IsSleeping                     0x080023f9   Thumb Code     6  auto_sleep.o(i.AutoSleep_IsSleeping)
    AutoSleep_Reset                          0x08002405   Thumb Code     8  auto_sleep.o(i.AutoSleep_Reset)
    AutoSleep_Tick                           0x08002411   Thumb Code    40  auto_sleep.o(i.AutoSleep_Tick)
    AutoSleep_Wakeup                         0x08002441   Thumb Code    20  auto_sleep.o(i.AutoSleep_Wakeup)
    BKP_ReadBackupRegister                   0x0800245d   Thumb Code    24  stm32f10x_bkp.o(i.BKP_ReadBackupRegister)
    BKP_WriteBackupRegister                  0x08002479   Thumb Code    22  stm32f10x_bkp.o(i.BKP_WriteBackupRegister)
    Battery_GetPercent                       0x08002495   Thumb Code     6  battery.o(i.Battery_GetPercent)
    Battery_Init                             0x080024a1   Thumb Code    58  battery.o(i.Battery_Init)
    Battery_Update                           0x080024f1   Thumb Code   174  battery.o(i.Battery_Update)
    BusFault_Handler                         0x080025b9   Thumb Code     4  stm32f10x_it.o(i.BusFault_Handler)
    Buzzer_Init                              0x080025bd   Thumb Code    46  buzzer.o(i.Buzzer_Init)
    Buzzer_StartAlarm                        0x080025f1   Thumb Code    28  buzzer.o(i.Buzzer_StartAlarm)
    Buzzer_StopAlarm                         0x0800261d   Thumb Code    18  buzzer.o(i.Buzzer_StopAlarm)
    Buzzer_Tick                              0x08002639   Thumb Code   166  buzzer.o(i.Buzzer_Tick)
    Countdown_Draw                           0x08002731   Thumb Code   258  countdown.o(i.Countdown_Draw)
    Countdown_Enter                          0x0800286d   Thumb Code     8  countdown.o(i.Countdown_Enter)
    Countdown_HandleKey                      0x08002879   Thumb Code   434  countdown.o(i.Countdown_HandleKey)
    Countdown_Init                           0x08002a4d   Thumb Code    36  countdown.o(i.Countdown_Init)
    Countdown_SecondTick                     0x08002a91   Thumb Code    50  countdown.o(i.Countdown_SecondTick)
    Countdown_Tick10ms                       0x08002ad1   Thumb Code    20  countdown.o(i.Countdown_Tick10ms)
    DebugMon_Handler                         0x08002ae9   Thumb Code     2  stm32f10x_it.o(i.DebugMon_Handler)
    Delay_ms                                 0x08002aeb   Thumb Code    24  delay.o(i.Delay_ms)
    Delay_us                                 0x08002b03   Thumb Code    46  delay.o(i.Delay_us)
    Detail_Emoji                             0x08002b31   Thumb Code    28  emoji.o(i.Detail_Emoji)
    Detail_Flashlight                        0x08002b55   Thumb Code    62  flashlight.o(i.Detail_Flashlight)
    DinoGame_Draw                            0x08002ba9   Thumb Code   230  dino_game.o(i.DinoGame_Draw)
    DinoGame_Enter                           0x08002cd9   Thumb Code    20  dino_game.o(i.DinoGame_Enter)
    DinoGame_HandleKey                       0x08002cf5   Thumb Code    72  dino_game.o(i.DinoGame_HandleKey)
    DinoGame_Init                            0x08002d51   Thumb Code    68  dino_game.o(i.DinoGame_Init)
    DinoGame_IsExitRequested                 0x08002dc5   Thumb Code     6  dino_game.o(i.DinoGame_IsExitRequested)
    DinoGame_SetActive                       0x08002dd1   Thumb Code    14  dino_game.o(i.DinoGame_SetActive)
    DinoGame_Tick                            0x08002de9   Thumb Code   338  dino_game.o(i.DinoGame_Tick)
    Emoji_Init                               0x08002f89   Thumb Code     8  emoji.o(i.Emoji_Init)
    Emoji_UpdateFrame                        0x08002f95   Thumb Code    22  emoji.o(i.Emoji_UpdateFrame)
    Flashlight_Init                          0x08002fb1   Thumb Code    34  flashlight.o(i.Flashlight_Init)
    Flashlight_ProcessKey                    0x08002fe5   Thumb Code    88  flashlight.o(i.Flashlight_ProcessKey)
    Flashlight_Tick10ms                      0x0800304d   Thumb Code    38  flashlight.o(i.Flashlight_Tick10ms)
    GPIO_Init                                0x08003081   Thumb Code   278  stm32f10x_gpio.o(i.GPIO_Init)
    GPIO_ReadInputDataBit                    0x08003197   Thumb Code    18  stm32f10x_gpio.o(i.GPIO_ReadInputDataBit)
    GPIO_ResetBits                           0x080031a9   Thumb Code     4  stm32f10x_gpio.o(i.GPIO_ResetBits)
    GPIO_SetBits                             0x080031ad   Thumb Code     4  stm32f10x_gpio.o(i.GPIO_SetBits)
    GPIO_WriteBit                            0x080031b1   Thumb Code    10  stm32f10x_gpio.o(i.GPIO_WriteBit)
    GameApp_Draw                             0x080031bd   Thumb Code    80  game_app.o(i.GameApp_Draw)
    GameApp_HandleKey                        0x08003215   Thumb Code   102  game_app.o(i.GameApp_HandleKey)
    GameApp_Init                             0x08003281   Thumb Code    20  game_app.o(i.GameApp_Init)
    HardFault_Handler                        0x08003299   Thumb Code     4  stm32f10x_it.o(i.HardFault_Handler)
    Key_Init                                 0x080032dd   Thumb Code    78  key.o(i.Key_Init)
    Key_Read                                 0x08003429   Thumb Code    24  key.o(i.Key_Read)
    Key_ReadLongPress                        0x08003449   Thumb Code    20  key.o(i.Key_ReadLongPress)
    Key_Tick                                 0x08003461   Thumb Code    70  key.o(i.Key_Tick)
    LED_Init                                 0x080034b1   Thumb Code    48  led.o(i.LED_Init)
    LED_SetState                             0x080034e5   Thumb Code    30  led.o(i.LED_SetState)
    MPU6050_GetData                          0x08003509   Thumb Code   172  mpu6050.o(i.MPU6050_GetData)
    MPU6050_Init                             0x080035b5   Thumb Code    56  mpu6050.o(i.MPU6050_Init)
    MPU6050_ReadReg                          0x080035ed   Thumb Code    62  mpu6050.o(i.MPU6050_ReadReg)
    MPU6050_WriteReg                         0x0800362b   Thumb Code    46  mpu6050.o(i.MPU6050_WriteReg)
    MemManage_Handler                        0x08003659   Thumb Code     4  stm32f10x_it.o(i.MemManage_Handler)
    Menu_Init                                0x0800365d   Thumb Code    20  menu.o(i.Menu_Init)
    Menu_Tick                                0x080039b1   Thumb Code    90  menu.o(i.Menu_Tick)
    Menu_Update                              0x08003a1d   Thumb Code   594  menu.o(i.Menu_Update)
    Motion_Init                              0x08003c95   Thumb Code    14  motion_wakeup.o(i.Motion_Init)
    Motion_Process                           0x08003ca9   Thumb Code    36  motion_wakeup.o(i.Motion_Process)
    Motion_SetFlag                           0x08003cd1   Thumb Code     8  motion_wakeup.o(i.Motion_SetFlag)
    MyI2C_Init                               0x08003cdd   Thumb Code    50  myi2c.o(i.MyI2C_Init)
    MyI2C_R_SDA                              0x08003d15   Thumb Code    24  myi2c.o(i.MyI2C_R_SDA)
    MyI2C_ReceiveAck                         0x08003d31   Thumb Code    30  myi2c.o(i.MyI2C_ReceiveAck)
    MyI2C_ReceiveByte                        0x08003d4f   Thumb Code    50  myi2c.o(i.MyI2C_ReceiveByte)
    MyI2C_SendAck                            0x08003d81   Thumb Code    24  myi2c.o(i.MyI2C_SendAck)
    MyI2C_SendByte                           0x08003d99   Thumb Code    50  myi2c.o(i.MyI2C_SendByte)
    MyI2C_Start                              0x08003dcb   Thumb Code    28  myi2c.o(i.MyI2C_Start)
    MyI2C_Stop                               0x08003de7   Thumb Code    22  myi2c.o(i.MyI2C_Stop)
    MyI2C_W_SCL                              0x08003dfd   Thumb Code    24  myi2c.o(i.MyI2C_W_SCL)
    MyI2C_W_SDA                              0x08003e19   Thumb Code    24  myi2c.o(i.MyI2C_W_SDA)
    MyRTC_Init                               0x08003e35   Thumb Code   114  myrtc.o(i.MyRTC_Init)
    MyRTC_ReadTime                           0x08003ea9   Thumb Code    74  myrtc.o(i.MyRTC_ReadTime)
    MyRTC_SetTime                            0x08003efd   Thumb Code    70  myrtc.o(i.MyRTC_SetTime)
    NMI_Handler                              0x08003f49   Thumb Code     2  stm32f10x_it.o(i.NMI_Handler)
    NVIC_Init                                0x08003f4d   Thumb Code   100  misc.o(i.NVIC_Init)
    NVIC_PriorityGroupConfig                 0x08003fbd   Thumb Code    10  misc.o(i.NVIC_PriorityGroupConfig)
    OLED_Clear                               0x08003fd1   Thumb Code    36  oled.o(i.OLED_Clear)
    OLED_ClearArea                           0x08003ff9   Thumb Code   140  oled.o(i.OLED_ClearArea)
    OLED_GPIO_Init                           0x08004089   Thumb Code    88  oled.o(i.OLED_GPIO_Init)
    OLED_I2C_SendByte                        0x080040e5   Thumb Code    62  oled.o(i.OLED_I2C_SendByte)
    OLED_I2C_Start                           0x08004123   Thumb Code    28  oled.o(i.OLED_I2C_Start)
    OLED_I2C_Stop                            0x0800413f   Thumb Code    22  oled.o(i.OLED_I2C_Stop)
    OLED_Init                                0x08004155   Thumb Code   154  oled.o(i.OLED_Init)
    OLED_Pow                                 0x080041ef   Thumb Code    20  oled.o(i.OLED_Pow)
    OLED_Printf                              0x08004203   Thumb Code    50  oled.o(i.OLED_Printf)
    OLED_ReverseArea                         0x08004235   Thumb Code   140  oled.o(i.OLED_ReverseArea)
    OLED_SetCursor                           0x080042c5   Thumb Code    34  oled.o(i.OLED_SetCursor)
    OLED_ShowBattery                         0x080042e9   Thumb Code    94  oled.o(i.OLED_ShowBattery)
    OLED_ShowChar                            0x0800434d   Thumb Code   242  oled.o(i.OLED_ShowChar)
    OLED_ShowImage                           0x08004455   Thumb Code   248  oled.o(i.OLED_ShowImage)
    OLED_ShowNum                             0x08004551   Thumb Code    76  oled.o(i.OLED_ShowNum)
    OLED_ShowString                          0x0800459d   Thumb Code   470  oled.o(i.OLED_ShowString)
    OLED_Update                              0x0800477d   Thumb Code    36  oled.o(i.OLED_Update)
    OLED_W_SCL                               0x080047a5   Thumb Code    16  oled.o(i.OLED_W_SCL)
    OLED_W_SDA                               0x080047b9   Thumb Code    16  oled.o(i.OLED_W_SDA)
    OLED_WriteCommand                        0x080047cd   Thumb Code    32  oled.o(i.OLED_WriteCommand)
    OLED_WriteData                           0x080047ed   Thumb Code    46  oled.o(i.OLED_WriteData)
    PWR_BackupAccessCmd                      0x0800481d   Thumb Code     6  stm32f10x_pwr.o(i.PWR_BackupAccessCmd)
    PendSV_Handler                           0x08004829   Thumb Code     2  stm32f10x_it.o(i.PendSV_Handler)
    Power_HandleLongPress                    0x0800482d   Thumb Code   178  power.o(i.Power_HandleLongPress)
    RCC_ADCCLKConfig                         0x08004905   Thumb Code    18  stm32f10x_rcc.o(i.RCC_ADCCLKConfig)
    RCC_APB1PeriphClockCmd                   0x0800491d   Thumb Code    26  stm32f10x_rcc.o(i.RCC_APB1PeriphClockCmd)
    RCC_APB2PeriphClockCmd                   0x0800493d   Thumb Code    26  stm32f10x_rcc.o(i.RCC_APB2PeriphClockCmd)
    RCC_GetFlagStatus                        0x0800495d   Thumb Code    56  stm32f10x_rcc.o(i.RCC_GetFlagStatus)
    RCC_LSEConfig                            0x08004999   Thumb Code    46  stm32f10x_rcc.o(i.RCC_LSEConfig)
    RCC_RTCCLKCmd                            0x080049cd   Thumb Code     6  stm32f10x_rcc.o(i.RCC_RTCCLKCmd)
    RCC_RTCCLKConfig                         0x080049d9   Thumb Code    12  stm32f10x_rcc.o(i.RCC_RTCCLKConfig)
    RTC_EnterConfigMode                      0x080049e9   Thumb Code    14  stm32f10x_rtc.o(i.RTC_EnterConfigMode)
    RTC_ExitConfigMode                       0x080049fd   Thumb Code    16  stm32f10x_rtc.o(i.RTC_ExitConfigMode)
    RTC_GetCounter                           0x08004a11   Thumb Code    16  stm32f10x_rtc.o(i.RTC_GetCounter)
    RTC_SetCounter                           0x08004a25   Thumb Code    24  stm32f10x_rtc.o(i.RTC_SetCounter)
    RTC_SetPrescaler                         0x08004a41   Thumb Code    26  stm32f10x_rtc.o(i.RTC_SetPrescaler)
    RTC_WaitForLastTask                      0x08004a61   Thumb Code    16  stm32f10x_rtc.o(i.RTC_WaitForLastTask)
    RTC_WaitForSynchro                       0x08004a75   Thumb Code    30  stm32f10x_rtc.o(i.RTC_WaitForSynchro)
    SVC_Handler                              0x08004a99   Thumb Code     2  stm32f10x_it.o(i.SVC_Handler)
    SysTick_Handler                          0x08004b85   Thumb Code     2  stm32f10x_it.o(i.SysTick_Handler)
    SystemInit                               0x08004b89   Thumb Code    78  system_stm32f10x.o(i.SystemInit)
    TIM2_IRQHandler                          0x08004be9   Thumb Code    28  timer.o(i.TIM2_IRQHandler)
    TIM3_IRQHandler                          0x08004c05   Thumb Code    30  timer.o(i.TIM3_IRQHandler)
    TIM_ClearITPendingBit                    0x08004c2d   Thumb Code     6  stm32f10x_tim.o(i.TIM_ClearITPendingBit)
    TIM_Cmd                                  0x08004c33   Thumb Code    24  stm32f10x_tim.o(i.TIM_Cmd)
    TIM_GetITStatus                          0x08004c4b   Thumb Code    34  stm32f10x_tim.o(i.TIM_GetITStatus)
    TIM_ITConfig                             0x08004c6d   Thumb Code    18  stm32f10x_tim.o(i.TIM_ITConfig)
    TIM_InternalClockConfig                  0x08004c7f   Thumb Code    12  stm32f10x_tim.o(i.TIM_InternalClockConfig)
    TIM_TimeBaseInit                         0x08004c8d   Thumb Code   122  stm32f10x_tim.o(i.TIM_TimeBaseInit)
    TimeApp_Draw                             0x08004d31   Thumb Code   100  time_app.o(i.TimeApp_Draw)
    TimeApp_HandleKey                        0x08004d9d   Thumb Code   122  time_app.o(i.TimeApp_HandleKey)
    TimeApp_Init                             0x08004e1d   Thumb Code    18  time_app.o(i.TimeApp_Init)
    TimeSetting_Draw                         0x08004e35   Thumb Code   180  time_setting.o(i.TimeSetting_Draw)
    TimeSetting_Enter                        0x08004f35   Thumb Code    30  time_setting.o(i.TimeSetting_Enter)
    TimeSetting_HandleKey                    0x08004f61   Thumb Code   248  time_setting.o(i.TimeSetting_HandleKey)
    Timer_Init                               0x080051c9   Thumb Code    12  timer.o(i.Timer_Init)
    UsageFault_Handler                       0x08005221   Thumb Code     4  stm32f10x_it.o(i.UsageFault_Handler)
    __ARM_fpclassify                         0x08005225   Thumb Code    40  fpclassify.o(i.__ARM_fpclassify)
    __ieee754_rem_pio2                       0x0800524d   Thumb Code   828  rred.o(i.__ieee754_rem_pio2)
    __kernel_cos                             0x080055d5   Thumb Code   230  cos_i.o(i.__kernel_cos)
    __kernel_poly                            0x080056d1   Thumb Code   170  poly.o(i.__kernel_poly)
    __kernel_sin                             0x0800577d   Thumb Code   224  sin_i.o(i.__kernel_sin)
    __mathlib_dbl_infnan                     0x08005869   Thumb Code     6  dunder.o(i.__mathlib_dbl_infnan)
    __mathlib_dbl_invalid                    0x0800586f   Thumb Code    12  dunder.o(i.__mathlib_dbl_invalid)
    __mathlib_dbl_underflow                  0x0800587d   Thumb Code    10  dunder.o(i.__mathlib_dbl_underflow)
    _is_digit                                0x0800588d   Thumb Code    14  __printf_wp.o(i._is_digit)
    main                                     0x0800589b   Thumb Code    12  main.o(i.main)
    sin                                      0x080058a9   Thumb Code   150  sin.o(i.sin)
    _get_lc_numeric                          0x08005949   Thumb Code    44  lc_numeric_c.o(locale$$code)
    _get_lc_ctype                            0x08005975   Thumb Code    44  lc_ctype_c.o(locale$$code)
    __aeabi_dadd                             0x080059a1   Thumb Code     0  daddsub_clz.o(x$fpl$dadd)
    _dadd                                    0x080059a1   Thumb Code   332  daddsub_clz.o(x$fpl$dadd)
    __fpl_dcheck_NaN1                        0x08005af1   Thumb Code    10  dcheck1.o(x$fpl$dcheck1)
    __aeabi_ddiv                             0x08005b01   Thumb Code     0  ddiv.o(x$fpl$ddiv)
    _ddiv                                    0x08005b01   Thumb Code   552  ddiv.o(x$fpl$ddiv)
    __aeabi_d2iz                             0x08005db1   Thumb Code     0  dfix.o(x$fpl$dfix)
    _dfix                                    0x08005db1   Thumb Code    94  dfix.o(x$fpl$dfix)
    __aeabi_d2uiz                            0x08005e11   Thumb Code     0  dfixu.o(x$fpl$dfixu)
    _dfixu                                   0x08005e11   Thumb Code    90  dfixu.o(x$fpl$dfixu)
    __aeabi_i2d                              0x08005e6b   Thumb Code     0  dflt_clz.o(x$fpl$dflt)
    _dflt                                    0x08005e6b   Thumb Code    46  dflt_clz.o(x$fpl$dflt)
    __aeabi_ui2d                             0x08005e99   Thumb Code     0  dflt_clz.o(x$fpl$dfltu)
    _dfltu                                   0x08005e99   Thumb Code    38  dflt_clz.o(x$fpl$dfltu)
    __aeabi_dmul                             0x08005ec1   Thumb Code     0  dmul.o(x$fpl$dmul)
    _dmul                                    0x08005ec1   Thumb Code   332  dmul.o(x$fpl$dmul)
    __fpl_dnaninf                            0x08006015   Thumb Code   156  dnaninf.o(x$fpl$dnaninf)
    __fpl_dretinf                            0x080060b1   Thumb Code    12  dretinf.o(x$fpl$dretinf)
    __aeabi_drsub                            0x080060bd   Thumb Code     0  daddsub_clz.o(x$fpl$drsb)
    _drsb                                    0x080060bd   Thumb Code    22  daddsub_clz.o(x$fpl$drsb)
    __aeabi_dsub                             0x080060d5   Thumb Code     0  daddsub_clz.o(x$fpl$dsub)
    _dsub                                    0x080060d5   Thumb Code   464  daddsub_clz.o(x$fpl$dsub)
    _printf_fp_dec                           0x080062a9   Thumb Code     4  printf1.o(x$fpl$printf1)
    _printf_fp_hex                           0x080062ad   Thumb Code     4  printf2.o(x$fpl$printf2)
    __fpl_return_NaN                         0x080062b1   Thumb Code   100  retnan.o(x$fpl$retnan)
    __ARM_scalbn                             0x08006315   Thumb Code    92  scalbn.o(x$fpl$scalbn)
    __fpl_cmpreturn                          0x08006371   Thumb Code    48  trapv.o(x$fpl$trapveneer)
    OLED_F8x16                               0x080063a0   Data        1520  oled_data.o(.constdata)
    __I$use$fp                               0x080063a0   Number         0  usenofp.o(x$fpl$usenofp)
    OLED_F6x8                                0x08006990   Data         570  oled_data.o(.constdata)
    OLED_F16x32                              0x08006bca   Data         960  oled_data.o(.constdata)
    OLED_CF16x16                             0x08006f8a   Data         259  oled_data.o(.constdata)
    Diode                                    0x0800708d   Data          32  oled_data.o(.constdata)
    BatteryFull                              0x080070ad   Data          32  oled_data.o(.constdata)
    Game                                     0x080070cd   Data         128  oled_data.o(.constdata)
    Clock                                    0x0800714d   Data         128  oled_data.o(.constdata)
    FlashLight                               0x080071cd   Data         128  oled_data.o(.constdata)
    Emoji                                    0x0800724d   Data         128  oled_data.o(.constdata)
    Emoji_Frame0                             0x080072cd   Data         512  oled_data.o(.constdata)
    Emoji_Frame1                             0x080074cd   Data         512  oled_data.o(.constdata)
    Emoji_Frame2                             0x080076cd   Data         512  oled_data.o(.constdata)
    Emoji_Frame3                             0x080078cd   Data         512  oled_data.o(.constdata)
    Emoji_Frame4                             0x08007acd   Data         512  oled_data.o(.constdata)
    Emoji_Frame5                             0x08007ccd   Data         512  oled_data.o(.constdata)
    Emoji_Frame6                             0x08007ecd   Data         512  oled_data.o(.constdata)
    Emoji_Frame7                             0x080080cd   Data         512  oled_data.o(.constdata)
    Emoji_Frame8                             0x080082cd   Data         512  oled_data.o(.constdata)
    Emoji_Frame9                             0x080084cd   Data         512  oled_data.o(.constdata)
    Emoji_Frame10                            0x080086cd   Data         512  oled_data.o(.constdata)
    Emoji_Frame11                            0x080088cd   Data         512  oled_data.o(.constdata)
    Emoji_Frame12                            0x08008acd   Data         512  oled_data.o(.constdata)
    Emoji_Frame13                            0x08008ccd   Data         512  oled_data.o(.constdata)
    Emoji_Frame14                            0x08008ecd   Data         512  oled_data.o(.constdata)
    Emoji_Frame15                            0x080090cd   Data         512  oled_data.o(.constdata)
    Emoji_Frame16                            0x080092cd   Data         512  oled_data.o(.constdata)
    Emoji_Frame17                            0x080094cd   Data         512  oled_data.o(.constdata)
    Emoji_Frame18                            0x080096cd   Data         512  oled_data.o(.constdata)
    Emoji_Frame19                            0x080098cd   Data         512  oled_data.o(.constdata)
    Emoji_Frame20                            0x08009acd   Data         512  oled_data.o(.constdata)
    Emoji_Frame21                            0x08009ccd   Data         512  oled_data.o(.constdata)
    Emoji_Frame22                            0x08009ecd   Data         512  oled_data.o(.constdata)
    Emoji_Frame23                            0x0800a0cd   Data         512  oled_data.o(.constdata)
    Emoji_Frame24                            0x0800a2cd   Data         512  oled_data.o(.constdata)
    Emoji_Frame25                            0x0800a4cd   Data         512  oled_data.o(.constdata)
    Emoji_Frame26                            0x0800a6cd   Data         512  oled_data.o(.constdata)
    Emoji_Frame27                            0x0800a8cd   Data         512  oled_data.o(.constdata)
    Emoji_Frame28                            0x0800aacd   Data         512  oled_data.o(.constdata)
    Emoji_Frame29                            0x0800accd   Data         512  oled_data.o(.constdata)
    Dino_Run1                                0x0800aecd   Data          48  oled_data.o(.constdata)
    Dino_Run2                                0x0800aefd   Data          48  oled_data.o(.constdata)
    Dino_Jump                                0x0800af2d   Data          48  oled_data.o(.constdata)
    Cactus1                                  0x0800af5d   Data          48  oled_data.o(.constdata)
    Cactus2                                  0x0800af8d   Data          48  oled_data.o(.constdata)
    Cactus3                                  0x0800afbd   Data          48  oled_data.o(.constdata)
    Ground                                   0x0800afed   Data          16  oled_data.o(.constdata)
    _monlen                                  0x0800b040   Data          12  _monlen.o(.constdata)
    Region$$Table$$Base                      0x0800b27c   Number         0  anon$$obj.o(Region$$Table)
    Region$$Table$$Limit                     0x0800b29c   Number         0  anon$$obj.o(Region$$Table)
    __ctype                                  0x0800b2c5   Data           0  lc_ctype_c.o(locale$$data)
    second_tick_flag                         0x20000000   Data           1  timer.o(.data)
    emoji_tick_flag                          0x20000001   Data           1  timer.o(.data)
    MyRTC_Time                               0x20000006   Data          12  myrtc.o(.data)
    MyRTC_Weekday                            0x20000012   Data           1  myrtc.o(.data)
    OLED_DisplayBuf                          0x20000148   Data        1024  oled.o(.bss)
    _random_number_data                      0x20000568   Data         228  rand.o(.bss)
    __libspace_start                         0x20000678   Data          96  libspace.o(.bss)
    __temporary_stack_top$libspace           0x200006d8   Data           0  libspace.o(.bss)



==============================================================================

Memory Map of the image

  Image Entry point : 0x080000ed

  Load Region LR_IROM1 (Base: 0x08000000, Size: 0x0000b4f8, Max: 0x00010000, ABSOLUTE, COMPRESSED[0x0000b46c])

    Execution Region ER_IROM1 (Exec base: 0x08000000, Load base: 0x08000000, Size: 0x0000b3c8, Max: 0x00010000, ABSOLUTE)

    Exec Addr    Load Addr    Size         Type   Attr      Idx    E Section Name        Object

    0x08000000   0x08000000   0x000000ec   Data   RO            3    RESET               startup_stm32f10x_md.o
    0x080000ec   0x080000ec   0x00000008   Code   RO         4485  * !!!main             c_w.l(__main.o)
    0x080000f4   0x080000f4   0x00000034   Code   RO         4917    !!!scatter          c_w.l(__scatter.o)
    0x08000128   0x08000128   0x0000005a   Code   RO         4915    !!dczerorl2         c_w.l(__dczerorl2.o)
    0x08000182   0x08000182   0x00000002   PAD
    0x08000184   0x08000184   0x0000001c   Code   RO         4919    !!handler_zi        c_w.l(__scatter_zi.o)
    0x080001a0   0x080001a0   0x00000000   Code   RO         4468    .ARM.Collect$$_printf_percent$$00000000  c_w.l(_printf_percent.o)
    0x080001a0   0x080001a0   0x00000006   Code   RO         4600    .ARM.Collect$$_printf_percent$$00000001  c_w.l(_printf_n.o)
    0x080001a6   0x080001a6   0x00000006   Code   RO         4602    .ARM.Collect$$_printf_percent$$00000002  c_w.l(_printf_p.o)
    0x080001ac   0x080001ac   0x00000006   Code   RO         4606    .ARM.Collect$$_printf_percent$$00000003  c_w.l(_printf_f.o)
    0x080001b2   0x080001b2   0x00000006   Code   RO         4607    .ARM.Collect$$_printf_percent$$00000004  c_w.l(_printf_e.o)
    0x080001b8   0x080001b8   0x00000006   Code   RO         4608    .ARM.Collect$$_printf_percent$$00000005  c_w.l(_printf_g.o)
    0x080001be   0x080001be   0x00000006   Code   RO         4609    .ARM.Collect$$_printf_percent$$00000006  c_w.l(_printf_a.o)
    0x080001c4   0x080001c4   0x0000000a   Code   RO         4614    .ARM.Collect$$_printf_percent$$00000007  c_w.l(_printf_ll.o)
    0x080001ce   0x080001ce   0x00000006   Code   RO         4604    .ARM.Collect$$_printf_percent$$00000008  c_w.l(_printf_i.o)
    0x080001d4   0x080001d4   0x00000006   Code   RO         4467    .ARM.Collect$$_printf_percent$$00000009  c_w.l(_printf_d.o)
    0x080001da   0x080001da   0x00000006   Code   RO         4605    .ARM.Collect$$_printf_percent$$0000000A  c_w.l(_printf_u.o)
    0x080001e0   0x080001e0   0x00000006   Code   RO         4603    .ARM.Collect$$_printf_percent$$0000000B  c_w.l(_printf_o.o)
    0x080001e6   0x080001e6   0x00000006   Code   RO         4601    .ARM.Collect$$_printf_percent$$0000000C  c_w.l(_printf_x.o)
    0x080001ec   0x080001ec   0x00000006   Code   RO         4611    .ARM.Collect$$_printf_percent$$0000000D  c_w.l(_printf_lli.o)
    0x080001f2   0x080001f2   0x00000006   Code   RO         4612    .ARM.Collect$$_printf_percent$$0000000E  c_w.l(_printf_lld.o)
    0x080001f8   0x080001f8   0x00000006   Code   RO         4613    .ARM.Collect$$_printf_percent$$0000000F  c_w.l(_printf_llu.o)
    0x080001fe   0x080001fe   0x00000006   Code   RO         4618    .ARM.Collect$$_printf_percent$$00000010  c_w.l(_printf_llo.o)
    0x08000204   0x08000204   0x00000006   Code   RO         4619    .ARM.Collect$$_printf_percent$$00000011  c_w.l(_printf_llx.o)
    0x0800020a   0x0800020a   0x0000000a   Code   RO         4615    .ARM.Collect$$_printf_percent$$00000012  c_w.l(_printf_l.o)
    0x08000214   0x08000214   0x00000006   Code   RO         4598    .ARM.Collect$$_printf_percent$$00000013  c_w.l(_printf_c.o)
    0x0800021a   0x0800021a   0x00000006   Code   RO         4599    .ARM.Collect$$_printf_percent$$00000014  c_w.l(_printf_s.o)
    0x08000220   0x08000220   0x00000006   Code   RO         4616    .ARM.Collect$$_printf_percent$$00000015  c_w.l(_printf_lc.o)
    0x08000226   0x08000226   0x00000006   Code   RO         4617    .ARM.Collect$$_printf_percent$$00000016  c_w.l(_printf_ls.o)
    0x0800022c   0x0800022c   0x00000004   Code   RO         4610    .ARM.Collect$$_printf_percent$$00000017  c_w.l(_printf_percent_end.o)
    0x08000230   0x08000230   0x00000002   Code   RO         4830    .ARM.Collect$$libinit$$00000000  c_w.l(libinit.o)
    0x08000232   0x08000232   0x00000000   Code   RO         4624    .ARM.Collect$$libinit$$00000002  c_w.l(libinit2.o)
    0x08000232   0x08000232   0x00000000   Code   RO         4626    .ARM.Collect$$libinit$$00000004  c_w.l(libinit2.o)
    0x08000232   0x08000232   0x00000000   Code   RO         4629    .ARM.Collect$$libinit$$0000000A  c_w.l(libinit2.o)
    0x08000232   0x08000232   0x00000000   Code   RO         4631    .ARM.Collect$$libinit$$0000000C  c_w.l(libinit2.o)
    0x08000232   0x08000232   0x00000004   Code   RO         4632    .ARM.Collect$$libinit$$0000000D  c_w.l(libinit2.o)
    0x08000236   0x08000236   0x00000000   Code   RO         4633    .ARM.Collect$$libinit$$0000000E  c_w.l(libinit2.o)
    0x08000236   0x08000236   0x00000006   Code   RO         4634    .ARM.Collect$$libinit$$0000000F  c_w.l(libinit2.o)
    0x0800023c   0x0800023c   0x00000000   Code   RO         4636    .ARM.Collect$$libinit$$00000011  c_w.l(libinit2.o)
    0x0800023c   0x0800023c   0x0000000c   Code   RO         4637    .ARM.Collect$$libinit$$00000012  c_w.l(libinit2.o)
    0x08000248   0x08000248   0x00000000   Code   RO         4638    .ARM.Collect$$libinit$$00000013  c_w.l(libinit2.o)
    0x08000248   0x08000248   0x00000000   Code   RO         4640    .ARM.Collect$$libinit$$00000015  c_w.l(libinit2.o)
    0x08000248   0x08000248   0x0000000a   Code   RO         4641    .ARM.Collect$$libinit$$00000016  c_w.l(libinit2.o)
    0x08000252   0x08000252   0x00000000   Code   RO         4642    .ARM.Collect$$libinit$$00000017  c_w.l(libinit2.o)
    0x08000252   0x08000252   0x00000000   Code   RO         4644    .ARM.Collect$$libinit$$00000019  c_w.l(libinit2.o)
    0x08000252   0x08000252   0x00000000   Code   RO         4646    .ARM.Collect$$libinit$$0000001B  c_w.l(libinit2.o)
    0x08000252   0x08000252   0x00000000   Code   RO         4648    .ARM.Collect$$libinit$$0000001D  c_w.l(libinit2.o)
    0x08000252   0x08000252   0x00000000   Code   RO         4650    .ARM.Collect$$libinit$$0000001F  c_w.l(libinit2.o)
    0x08000252   0x08000252   0x00000000   Code   RO         4652    .ARM.Collect$$libinit$$00000021  c_w.l(libinit2.o)
    0x08000252   0x08000252   0x00000000   Code   RO         4654    .ARM.Collect$$libinit$$00000023  c_w.l(libinit2.o)
    0x08000252   0x08000252   0x00000000   Code   RO         4656    .ARM.Collect$$libinit$$00000025  c_w.l(libinit2.o)
    0x08000252   0x08000252   0x00000000   Code   RO         4660    .ARM.Collect$$libinit$$0000002C  c_w.l(libinit2.o)
    0x08000252   0x08000252   0x00000000   Code   RO         4662    .ARM.Collect$$libinit$$0000002E  c_w.l(libinit2.o)
    0x08000252   0x08000252   0x00000000   Code   RO         4664    .ARM.Collect$$libinit$$00000030  c_w.l(libinit2.o)
    0x08000252   0x08000252   0x00000000   Code   RO         4666    .ARM.Collect$$libinit$$00000032  c_w.l(libinit2.o)
    0x08000252   0x08000252   0x00000002   Code   RO         4667    .ARM.Collect$$libinit$$00000033  c_w.l(libinit2.o)
    0x08000254   0x08000254   0x00000002   Code   RO         4876    .ARM.Collect$$libshutdown$$00000000  c_w.l(libshutdown.o)
    0x08000256   0x08000256   0x00000000   Code   RO         4882    .ARM.Collect$$libshutdown$$00000002  c_w.l(libshutdown2.o)
    0x08000256   0x08000256   0x00000000   Code   RO         4884    .ARM.Collect$$libshutdown$$00000004  c_w.l(libshutdown2.o)
    0x08000256   0x08000256   0x00000000   Code   RO         4887    .ARM.Collect$$libshutdown$$00000007  c_w.l(libshutdown2.o)
    0x08000256   0x08000256   0x00000000   Code   RO         4890    .ARM.Collect$$libshutdown$$0000000A  c_w.l(libshutdown2.o)
    0x08000256   0x08000256   0x00000000   Code   RO         4892    .ARM.Collect$$libshutdown$$0000000C  c_w.l(libshutdown2.o)
    0x08000256   0x08000256   0x00000000   Code   RO         4895    .ARM.Collect$$libshutdown$$0000000F  c_w.l(libshutdown2.o)
    0x08000256   0x08000256   0x00000002   Code   RO         4896    .ARM.Collect$$libshutdown$$00000010  c_w.l(libshutdown2.o)
    0x08000258   0x08000258   0x00000000   Code   RO         4551    .ARM.Collect$$rtentry$$00000000  c_w.l(__rtentry.o)
    0x08000258   0x08000258   0x00000000   Code   RO         4731    .ARM.Collect$$rtentry$$00000002  c_w.l(__rtentry2.o)
    0x08000258   0x08000258   0x00000006   Code   RO         4743    .ARM.Collect$$rtentry$$00000004  c_w.l(__rtentry4.o)
    0x0800025e   0x0800025e   0x00000000   Code   RO         4733    .ARM.Collect$$rtentry$$00000009  c_w.l(__rtentry2.o)
    0x0800025e   0x0800025e   0x00000004   Code   RO         4734    .ARM.Collect$$rtentry$$0000000A  c_w.l(__rtentry2.o)
    0x08000262   0x08000262   0x00000000   Code   RO         4736    .ARM.Collect$$rtentry$$0000000C  c_w.l(__rtentry2.o)
    0x08000262   0x08000262   0x00000008   Code   RO         4737    .ARM.Collect$$rtentry$$0000000D  c_w.l(__rtentry2.o)
    0x0800026a   0x0800026a   0x00000002   Code   RO         4837    .ARM.Collect$$rtexit$$00000000  c_w.l(rtexit.o)
    0x0800026c   0x0800026c   0x00000000   Code   RO         4854    .ARM.Collect$$rtexit$$00000002  c_w.l(rtexit2.o)
    0x0800026c   0x0800026c   0x00000004   Code   RO         4855    .ARM.Collect$$rtexit$$00000003  c_w.l(rtexit2.o)
    0x08000270   0x08000270   0x00000006   Code   RO         4856    .ARM.Collect$$rtexit$$00000004  c_w.l(rtexit2.o)
    0x08000276   0x08000276   0x00000002   PAD
    0x08000278   0x08000278   0x00000034   Code   RO         4469    .emb_text           c_w.l(rand.o)
    0x080002ac   0x080002ac   0x00000040   Code   RO            4    .text               startup_stm32f10x_md.o
    0x080002ec   0x080002ec   0x00000024   Code   RO         4435    .text               c_w.l(vsprintf.o)
    0x08000310   0x08000310   0x0000002c   Code   RO         4437    .text               c_w.l(__2sprintf.o)
    0x0800033c   0x0800033c   0x0000004e   Code   RO         4443    .text               c_w.l(_printf_pad.o)
    0x0800038a   0x0800038a   0x00000002   PAD
    0x0800038c   0x0800038c   0x00000078   Code   RO         4445    .text               c_w.l(_printf_dec.o)
    0x08000404   0x08000404   0x00000188   Code   RO         4464    .text               c_w.l(__printf_flags_ss_wp.o)
    0x0800058c   0x0800058c   0x0000003c   Code   RO         4470    .text               c_w.l(rand.o)
    0x080005c8   0x080005c8   0x00000064   Code   RO         4474    .text               c_w.l(rt_memcpy_w.o)
    0x0800062c   0x0800062c   0x00000080   Code   RO         4476    .text               c_w.l(strcmpv7m.o)
    0x080006ac   0x080006ac   0x0000000c   Code   RO         4478    .text               c_w.l(localtime.o)
    0x080006b8   0x080006b8   0x000001ac   Code   RO         4481    .text               c_w.l(mktime.o)
    0x08000864   0x08000864   0x00000006   Code   RO         4483    .text               c_w.l(heapauxi.o)
    0x0800086a   0x0800086a   0x00000016   Code   RO         4552    .text               c_w.l(_rserrno.o)
    0x08000880   0x08000880   0x00000024   Code   RO         4554    .text               c_w.l(_printf_truncate.o)
    0x080008a4   0x080008a4   0x00000052   Code   RO         4556    .text               c_w.l(_printf_str.o)
    0x080008f6   0x080008f6   0x000000b2   Code   RO         4558    .text               c_w.l(_printf_intcommon.o)
    0x080009a8   0x080009a8   0x00000028   Code   RO         4560    .text               c_w.l(_printf_charcount.o)
    0x080009d0   0x080009d0   0x00000030   Code   RO         4562    .text               c_w.l(_printf_char_common.o)
    0x08000a00   0x08000a00   0x0000000a   Code   RO         4564    .text               c_w.l(_sputc.o)
    0x08000a0a   0x08000a0a   0x00000002   PAD
    0x08000a0c   0x08000a0c   0x000000bc   Code   RO         4566    .text               c_w.l(_printf_wctomb.o)
    0x08000ac8   0x08000ac8   0x0000007c   Code   RO         4569    .text               c_w.l(_printf_longlong_dec.o)
    0x08000b44   0x08000b44   0x00000070   Code   RO         4575    .text               c_w.l(_printf_oct_int_ll.o)
    0x08000bb4   0x08000bb4   0x00000094   Code   RO         4595    .text               c_w.l(_printf_hex_int_ll_ptr.o)
    0x08000c48   0x08000c48   0x000000b8   Code   RO         4621    .text               c_w.l(localtime_internal.o)
    0x08000d00   0x08000d00   0x00000008   Code   RO         4748    .text               c_w.l(rt_errno_addr_intlibspace.o)
    0x08000d08   0x08000d08   0x0000008a   Code   RO         4750    .text               c_w.l(lludiv10.o)
    0x08000d92   0x08000d92   0x0000041e   Code   RO         4752    .text               c_w.l(_printf_fp_dec.o)
    0x080011b0   0x080011b0   0x000002fc   Code   RO         4754    .text               c_w.l(_printf_fp_hex.o)
    0x080014ac   0x080014ac   0x0000002c   Code   RO         4759    .text               c_w.l(_printf_char.o)
    0x080014d8   0x080014d8   0x0000002c   Code   RO         4761    .text               c_w.l(_printf_wchar.o)
    0x08001504   0x08001504   0x00000040   Code   RO         4763    .text               c_w.l(_wcrtomb.o)
    0x08001544   0x08001544   0x0000004e   Code   RO         4765    .text               c_w.l(rt_memclr_w.o)
    0x08001592   0x08001592   0x00000002   PAD
    0x08001594   0x08001594   0x00000008   Code   RO         4777    .text               c_w.l(libspace.o)
    0x0800159c   0x0800159c   0x0000004a   Code   RO         4780    .text               c_w.l(sys_stackheap_outer.o)
    0x080015e6   0x080015e6   0x00000002   PAD
    0x080015e8   0x080015e8   0x00000010   Code   RO         4782    .text               c_w.l(rt_ctype_table.o)
    0x080015f8   0x080015f8   0x00000008   Code   RO         4787    .text               c_w.l(rt_locale_intlibspace.o)
    0x08001600   0x08001600   0x00000080   Code   RO         4789    .text               c_w.l(_printf_fp_infnan.o)
    0x08001680   0x08001680   0x000000e4   Code   RO         4791    .text               c_w.l(bigflt0.o)
    0x08001764   0x08001764   0x00000012   Code   RO         4819    .text               c_w.l(exit.o)
    0x08001776   0x08001776   0x00000002   Code   RO         4850    .text               c_w.l(use_no_semi.o)
    0x08001778   0x08001778   0x00000000   Code   RO         4852    .text               c_w.l(indicate_semi.o)
    0x08001778   0x08001778   0x0000000c   Code   RO         4868    .text               c_w.l(sys_exit.o)
    0x08001784   0x08001784   0x0000003e   Code   RO         4794    CL$$btod_d2e        c_w.l(btod.o)
    0x080017c2   0x080017c2   0x00000046   Code   RO         4796    CL$$btod_d2e_denorm_low  c_w.l(btod.o)
    0x08001808   0x08001808   0x00000060   Code   RO         4795    CL$$btod_d2e_norm_op1  c_w.l(btod.o)
    0x08001868   0x08001868   0x00000338   Code   RO         4804    CL$$btod_div_common  c_w.l(btod.o)
    0x08001ba0   0x08001ba0   0x000000dc   Code   RO         4801    CL$$btod_e2e        c_w.l(btod.o)
    0x08001c7c   0x08001c7c   0x0000002a   Code   RO         4798    CL$$btod_ediv       c_w.l(btod.o)
    0x08001ca6   0x08001ca6   0x0000002a   Code   RO         4797    CL$$btod_emul       c_w.l(btod.o)
    0x08001cd0   0x08001cd0   0x00000244   Code   RO         4803    CL$$btod_mult_common  c_w.l(btod.o)
    0x08001f14   0x08001f14   0x00000016   Code   RO          202    i.ADC_Cmd           stm32f10x_adc.o
    0x08001f2a   0x08001f2a   0x00000014   Code   RO          210    i.ADC_GetCalibrationStatus  stm32f10x_adc.o
    0x08001f3e   0x08001f3e   0x00000008   Code   RO          211    i.ADC_GetConversionValue  stm32f10x_adc.o
    0x08001f46   0x08001f46   0x00000012   Code   RO          213    i.ADC_GetFlagStatus  stm32f10x_adc.o
    0x08001f58   0x08001f58   0x00000014   Code   RO          216    i.ADC_GetResetCalibrationStatus  stm32f10x_adc.o
    0x08001f6c   0x08001f6c   0x00000050   Code   RO          220    i.ADC_Init          stm32f10x_adc.o
    0x08001fbc   0x08001fbc   0x000000b8   Code   RO          224    i.ADC_RegularChannelConfig  stm32f10x_adc.o
    0x08002074   0x08002074   0x0000000a   Code   RO          225    i.ADC_ResetCalibration  stm32f10x_adc.o
    0x0800207e   0x0800207e   0x00000016   Code   RO          227    i.ADC_SoftwareStartConvCmd  stm32f10x_adc.o
    0x08002094   0x08002094   0x0000000a   Code   RO          229    i.ADC_StartCalibration  stm32f10x_adc.o
    0x0800209e   0x0800209e   0x00000002   PAD
    0x080020a0   0x080020a0   0x00000024   Code   RO         3692    i.AD_GetValue       ad.o
    0x080020c4   0x080020c4   0x000000a0   Code   RO         3693    i.AD_Init           ad.o
    0x08002164   0x08002164   0x00000050   Code   RO         4000    i.Alarm_CheckSecondTick  alarm.o
    0x080021b4   0x080021b4   0x000000ac   Code   RO         4001    i.Alarm_Draw        alarm.o
    0x08002260   0x08002260   0x0000000c   Code   RO         4002    i.Alarm_Enter       alarm.o
    0x0800226c   0x0800226c   0x000000b4   Code   RO         4003    i.Alarm_HandleKey   alarm.o
    0x08002320   0x08002320   0x00000030   Code   RO         4004    i.Alarm_Init        alarm.o
    0x08002350   0x08002350   0x0000002c   Code   RO         3821    i.App_Init          app.o
    0x0800237c   0x0800237c   0x00000054   Code   RO         3822    i.App_Process       app.o
    0x080023d0   0x080023d0   0x00000014   Code   RO         4233    i.AutoSleep_EnterSleep  auto_sleep.o
    0x080023e4   0x080023e4   0x00000014   Code   RO         4234    i.AutoSleep_Init    auto_sleep.o
    0x080023f8   0x080023f8   0x0000000c   Code   RO         4235    i.AutoSleep_IsSleeping  auto_sleep.o
    0x08002404   0x08002404   0x0000000c   Code   RO         4236    i.AutoSleep_Reset   auto_sleep.o
    0x08002410   0x08002410   0x00000030   Code   RO         4237    i.AutoSleep_Tick    auto_sleep.o
    0x08002440   0x08002440   0x0000001c   Code   RO         4238    i.AutoSleep_Wakeup  auto_sleep.o
    0x0800245c   0x0800245c   0x0000001c   Code   RO          431    i.BKP_ReadBackupRegister  stm32f10x_bkp.o
    0x08002478   0x08002478   0x0000001c   Code   RO          435    i.BKP_WriteBackupRegister  stm32f10x_bkp.o
    0x08002494   0x08002494   0x0000000c   Code   RO         4311    i.Battery_GetPercent  battery.o
    0x080024a0   0x080024a0   0x00000050   Code   RO         4312    i.Battery_Init      battery.o
    0x080024f0   0x080024f0   0x000000c8   Code   RO         4313    i.Battery_Update    battery.o
    0x080025b8   0x080025b8   0x00000004   Code   RO         4370    i.BusFault_Handler  stm32f10x_it.o
    0x080025bc   0x080025bc   0x00000034   Code   RO         3393    i.Buzzer_Init       buzzer.o
    0x080025f0   0x080025f0   0x0000002c   Code   RO         3394    i.Buzzer_StartAlarm  buzzer.o
    0x0800261c   0x0800261c   0x0000001c   Code   RO         3395    i.Buzzer_StopAlarm  buzzer.o
    0x08002638   0x08002638   0x000000b8   Code   RO         3396    i.Buzzer_Tick       buzzer.o
    0x080026f0   0x080026f0   0x00000040   Code   RO         4144    i.Check_Collision   dino_game.o
    0x08002730   0x08002730   0x0000013c   Code   RO         4038    i.Countdown_Draw    countdown.o
    0x0800286c   0x0800286c   0x0000000c   Code   RO         4039    i.Countdown_Enter   countdown.o
    0x08002878   0x08002878   0x000001d4   Code   RO         4040    i.Countdown_HandleKey  countdown.o
    0x08002a4c   0x08002a4c   0x00000044   Code   RO         4041    i.Countdown_Init    countdown.o
    0x08002a90   0x08002a90   0x00000040   Code   RO         4042    i.Countdown_SecondTick  countdown.o
    0x08002ad0   0x08002ad0   0x00000018   Code   RO         4043    i.Countdown_Tick10ms  countdown.o
    0x08002ae8   0x08002ae8   0x00000002   Code   RO         4371    i.DebugMon_Handler  stm32f10x_it.o
    0x08002aea   0x08002aea   0x00000018   Code   RO         3196    i.Delay_ms          delay.o
    0x08002b02   0x08002b02   0x0000002e   Code   RO         3198    i.Delay_us          delay.o
    0x08002b30   0x08002b30   0x00000024   Code   RO         4207    i.Detail_Emoji      emoji.o
    0x08002b54   0x08002b54   0x00000054   Code   RO         4082    i.Detail_Flashlight  flashlight.o
    0x08002ba8   0x08002ba8   0x00000130   Code   RO         4145    i.DinoGame_Draw     dino_game.o
    0x08002cd8   0x08002cd8   0x0000001c   Code   RO         4146    i.DinoGame_Enter    dino_game.o
    0x08002cf4   0x08002cf4   0x0000005c   Code   RO         4147    i.DinoGame_HandleKey  dino_game.o
    0x08002d50   0x08002d50   0x00000074   Code   RO         4148    i.DinoGame_Init     dino_game.o
    0x08002dc4   0x08002dc4   0x0000000c   Code   RO         4149    i.DinoGame_IsExitRequested  dino_game.o
    0x08002dd0   0x08002dd0   0x00000018   Code   RO         4150    i.DinoGame_SetActive  dino_game.o
    0x08002de8   0x08002de8   0x000001a0   Code   RO         4151    i.DinoGame_Tick     dino_game.o
    0x08002f88   0x08002f88   0x0000000c   Code   RO         4208    i.Emoji_Init        emoji.o
    0x08002f94   0x08002f94   0x0000001c   Code   RO         4209    i.Emoji_UpdateFrame  emoji.o
    0x08002fb0   0x08002fb0   0x00000034   Code   RO         4083    i.Flashlight_Init   flashlight.o
    0x08002fe4   0x08002fe4   0x00000068   Code   RO         4084    i.Flashlight_ProcessKey  flashlight.o
    0x0800304c   0x0800304c   0x00000034   Code   RO         4085    i.Flashlight_Tick10ms  flashlight.o
    0x08003080   0x08003080   0x00000116   Code   RO         1347    i.GPIO_Init         stm32f10x_gpio.o
    0x08003196   0x08003196   0x00000012   Code   RO         1351    i.GPIO_ReadInputDataBit  stm32f10x_gpio.o
    0x080031a8   0x080031a8   0x00000004   Code   RO         1354    i.GPIO_ResetBits    stm32f10x_gpio.o
    0x080031ac   0x080031ac   0x00000004   Code   RO         1355    i.GPIO_SetBits      stm32f10x_gpio.o
    0x080031b0   0x080031b0   0x0000000a   Code   RO         1358    i.GPIO_WriteBit     stm32f10x_gpio.o
    0x080031ba   0x080031ba   0x00000002   PAD
    0x080031bc   0x080031bc   0x00000058   Code   RO         4117    i.GameApp_Draw      game_app.o
    0x08003214   0x08003214   0x0000006c   Code   RO         4118    i.GameApp_HandleKey  game_app.o
    0x08003280   0x08003280   0x00000018   Code   RO         4119    i.GameApp_Init      game_app.o
    0x08003298   0x08003298   0x00000004   Code   RO         4372    i.HardFault_Handler  stm32f10x_it.o
    0x0800329c   0x0800329c   0x0000003e   Code   RO         4277    i.IsWristRaised     motion_wakeup.o
    0x080032da   0x080032da   0x00000002   PAD
    0x080032dc   0x080032dc   0x0000005c   Code   RO         3352    i.Key_Init          key.o
    0x08003338   0x08003338   0x000000f0   Code   RO         3353    i.Key_Process       key.o
    0x08003428   0x08003428   0x00000020   Code   RO         3354    i.Key_Read          key.o
    0x08003448   0x08003448   0x00000018   Code   RO         3355    i.Key_ReadLongPress  key.o
    0x08003460   0x08003460   0x00000050   Code   RO         3356    i.Key_Tick          key.o
    0x080034b0   0x080034b0   0x00000034   Code   RO         3325    i.LED_Init          led.o
    0x080034e4   0x080034e4   0x00000024   Code   RO         3326    i.LED_SetState      led.o
    0x08003508   0x08003508   0x000000ac   Code   RO         3779    i.MPU6050_GetData   mpu6050.o
    0x080035b4   0x080035b4   0x00000038   Code   RO         3781    i.MPU6050_Init      mpu6050.o
    0x080035ec   0x080035ec   0x0000003e   Code   RO         3782    i.MPU6050_ReadReg   mpu6050.o
    0x0800362a   0x0800362a   0x0000002e   Code   RO         3783    i.MPU6050_WriteReg  mpu6050.o
    0x08003658   0x08003658   0x00000004   Code   RO         4373    i.MemManage_Handler  stm32f10x_it.o
    0x0800365c   0x0800365c   0x00000014   Code   RO         3881    i.Menu_Init         menu.o
    0x08003670   0x08003670   0x00000044   Code   RO         3882    i.Menu_Main         menu.o
    0x080036b4   0x080036b4   0x000001d0   Code   RO         3883    i.Menu_Select       menu.o
    0x08003884   0x08003884   0x0000012c   Code   RO         3884    i.Menu_StatusBar    menu.o
    0x080039b0   0x080039b0   0x0000006c   Code   RO         3885    i.Menu_Tick         menu.o
    0x08003a1c   0x08003a1c   0x00000278   Code   RO         3886    i.Menu_Update       menu.o
    0x08003c94   0x08003c94   0x00000014   Code   RO         4278    i.Motion_Init       motion_wakeup.o
    0x08003ca8   0x08003ca8   0x00000028   Code   RO         4279    i.Motion_Process    motion_wakeup.o
    0x08003cd0   0x08003cd0   0x0000000c   Code   RO         4280    i.Motion_SetFlag    motion_wakeup.o
    0x08003cdc   0x08003cdc   0x00000038   Code   RO         3710    i.MyI2C_Init        myi2c.o
    0x08003d14   0x08003d14   0x0000001c   Code   RO         3711    i.MyI2C_R_SDA       myi2c.o
    0x08003d30   0x08003d30   0x0000001e   Code   RO         3712    i.MyI2C_ReceiveAck  myi2c.o
    0x08003d4e   0x08003d4e   0x00000032   Code   RO         3713    i.MyI2C_ReceiveByte  myi2c.o
    0x08003d80   0x08003d80   0x00000018   Code   RO         3714    i.MyI2C_SendAck     myi2c.o
    0x08003d98   0x08003d98   0x00000032   Code   RO         3715    i.MyI2C_SendByte    myi2c.o
    0x08003dca   0x08003dca   0x0000001c   Code   RO         3716    i.MyI2C_Start       myi2c.o
    0x08003de6   0x08003de6   0x00000016   Code   RO         3717    i.MyI2C_Stop        myi2c.o
    0x08003dfc   0x08003dfc   0x0000001c   Code   RO         3718    i.MyI2C_W_SCL       myi2c.o
    0x08003e18   0x08003e18   0x0000001c   Code   RO         3719    i.MyI2C_W_SDA       myi2c.o
    0x08003e34   0x08003e34   0x00000072   Code   RO         3292    i.MyRTC_Init        myrtc.o
    0x08003ea6   0x08003ea6   0x00000002   PAD
    0x08003ea8   0x08003ea8   0x00000054   Code   RO         3293    i.MyRTC_ReadTime    myrtc.o
    0x08003efc   0x08003efc   0x0000004c   Code   RO         3294    i.MyRTC_SetTime     myrtc.o
    0x08003f48   0x08003f48   0x00000002   Code   RO         4374    i.NMI_Handler       stm32f10x_it.o
    0x08003f4a   0x08003f4a   0x00000002   PAD
    0x08003f4c   0x08003f4c   0x00000070   Code   RO          137    i.NVIC_Init         misc.o
    0x08003fbc   0x08003fbc   0x00000014   Code   RO          138    i.NVIC_PriorityGroupConfig  misc.o
    0x08003fd0   0x08003fd0   0x00000028   Code   RO         3428    i.OLED_Clear        oled.o
    0x08003ff8   0x08003ff8   0x00000090   Code   RO         3429    i.OLED_ClearArea    oled.o
    0x08004088   0x08004088   0x0000005c   Code   RO         3437    i.OLED_GPIO_Init    oled.o
    0x080040e4   0x080040e4   0x0000003e   Code   RO         3439    i.OLED_I2C_SendByte  oled.o
    0x08004122   0x08004122   0x0000001c   Code   RO         3440    i.OLED_I2C_Start    oled.o
    0x0800413e   0x0800413e   0x00000016   Code   RO         3441    i.OLED_I2C_Stop     oled.o
    0x08004154   0x08004154   0x0000009a   Code   RO         3442    i.OLED_Init         oled.o
    0x080041ee   0x080041ee   0x00000014   Code   RO         3444    i.OLED_Pow          oled.o
    0x08004202   0x08004202   0x00000032   Code   RO         3445    i.OLED_Printf       oled.o
    0x08004234   0x08004234   0x00000090   Code   RO         3447    i.OLED_ReverseArea  oled.o
    0x080042c4   0x080042c4   0x00000022   Code   RO         3448    i.OLED_SetCursor    oled.o
    0x080042e6   0x080042e6   0x00000002   PAD
    0x080042e8   0x080042e8   0x00000064   Code   RO         3449    i.OLED_ShowBattery  oled.o
    0x0800434c   0x0800434c   0x00000108   Code   RO         3451    i.OLED_ShowChar     oled.o
    0x08004454   0x08004454   0x000000fc   Code   RO         3454    i.OLED_ShowImage    oled.o
    0x08004550   0x08004550   0x0000004c   Code   RO         3455    i.OLED_ShowNum      oled.o
    0x0800459c   0x0800459c   0x000001e0   Code   RO         3457    i.OLED_ShowString   oled.o
    0x0800477c   0x0800477c   0x00000028   Code   RO         3458    i.OLED_Update       oled.o
    0x080047a4   0x080047a4   0x00000014   Code   RO         3460    i.OLED_W_SCL        oled.o
    0x080047b8   0x080047b8   0x00000014   Code   RO         3461    i.OLED_W_SDA        oled.o
    0x080047cc   0x080047cc   0x00000020   Code   RO         3462    i.OLED_WriteCommand  oled.o
    0x080047ec   0x080047ec   0x0000002e   Code   RO         3463    i.OLED_WriteData    oled.o
    0x0800481a   0x0800481a   0x00000002   PAD
    0x0800481c   0x0800481c   0x0000000c   Code   RO         1710    i.PWR_BackupAccessCmd  stm32f10x_pwr.o
    0x08004828   0x08004828   0x00000002   Code   RO         4375    i.PendSV_Handler    stm32f10x_it.o
    0x0800482a   0x0800482a   0x00000002   PAD
    0x0800482c   0x0800482c   0x000000d8   Code   RO         4338    i.Power_HandleLongPress  power.o
    0x08004904   0x08004904   0x00000018   Code   RO         1773    i.RCC_ADCCLKConfig  stm32f10x_rcc.o
    0x0800491c   0x0800491c   0x00000020   Code   RO         1775    i.RCC_APB1PeriphClockCmd  stm32f10x_rcc.o
    0x0800493c   0x0800493c   0x00000020   Code   RO         1777    i.RCC_APB2PeriphClockCmd  stm32f10x_rcc.o
    0x0800495c   0x0800495c   0x0000003c   Code   RO         1786    i.RCC_GetFlagStatus  stm32f10x_rcc.o
    0x08004998   0x08004998   0x00000034   Code   RO         1793    i.RCC_LSEConfig     stm32f10x_rcc.o
    0x080049cc   0x080049cc   0x0000000c   Code   RO         1800    i.RCC_RTCCLKCmd     stm32f10x_rcc.o
    0x080049d8   0x080049d8   0x00000010   Code   RO         1801    i.RCC_RTCCLKConfig  stm32f10x_rcc.o
    0x080049e8   0x080049e8   0x00000014   Code   RO         1978    i.RTC_EnterConfigMode  stm32f10x_rtc.o
    0x080049fc   0x080049fc   0x00000014   Code   RO         1979    i.RTC_ExitConfigMode  stm32f10x_rtc.o
    0x08004a10   0x08004a10   0x00000014   Code   RO         1980    i.RTC_GetCounter    stm32f10x_rtc.o
    0x08004a24   0x08004a24   0x0000001c   Code   RO         1986    i.RTC_SetCounter    stm32f10x_rtc.o
    0x08004a40   0x08004a40   0x00000020   Code   RO         1987    i.RTC_SetPrescaler  stm32f10x_rtc.o
    0x08004a60   0x08004a60   0x00000014   Code   RO         1988    i.RTC_WaitForLastTask  stm32f10x_rtc.o
    0x08004a74   0x08004a74   0x00000024   Code   RO         1989    i.RTC_WaitForSynchro  stm32f10x_rtc.o
    0x08004a98   0x08004a98   0x00000002   Code   RO         4376    i.SVC_Handler       stm32f10x_it.o
    0x08004a9a   0x08004a9a   0x00000008   Code   RO           24    i.SetSysClock       system_stm32f10x.o
    0x08004aa2   0x08004aa2   0x00000002   PAD
    0x08004aa4   0x08004aa4   0x000000e0   Code   RO           25    i.SetSysClockTo72   system_stm32f10x.o
    0x08004b84   0x08004b84   0x00000002   Code   RO         4377    i.SysTick_Handler   stm32f10x_it.o
    0x08004b86   0x08004b86   0x00000002   PAD
    0x08004b88   0x08004b88   0x00000060   Code   RO           27    i.SystemInit        system_stm32f10x.o
    0x08004be8   0x08004be8   0x0000001c   Code   RO         3220    i.TIM2_IRQHandler   timer.o
    0x08004c04   0x08004c04   0x00000028   Code   RO         3221    i.TIM3_IRQHandler   timer.o
    0x08004c2c   0x08004c2c   0x00000006   Code   RO         2416    i.TIM_ClearITPendingBit  stm32f10x_tim.o
    0x08004c32   0x08004c32   0x00000018   Code   RO         2421    i.TIM_Cmd           stm32f10x_tim.o
    0x08004c4a   0x08004c4a   0x00000022   Code   RO         2442    i.TIM_GetITStatus   stm32f10x_tim.o
    0x08004c6c   0x08004c6c   0x00000012   Code   RO         2446    i.TIM_ITConfig      stm32f10x_tim.o
    0x08004c7e   0x08004c7e   0x0000000c   Code   RO         2448    i.TIM_InternalClockConfig  stm32f10x_tim.o
    0x08004c8a   0x08004c8a   0x00000002   PAD
    0x08004c8c   0x08004c8c   0x000000a4   Code   RO         2492    i.TIM_TimeBaseInit  stm32f10x_tim.o
    0x08004d30   0x08004d30   0x0000006c   Code   RO         3942    i.TimeApp_Draw      time_app.o
    0x08004d9c   0x08004d9c   0x00000080   Code   RO         3943    i.TimeApp_HandleKey  time_app.o
    0x08004e1c   0x08004e1c   0x00000018   Code   RO         3944    i.TimeApp_Init      time_app.o
    0x08004e34   0x08004e34   0x00000100   Code   RO         3969    i.TimeSetting_Draw  time_setting.o
    0x08004f34   0x08004f34   0x0000002c   Code   RO         3970    i.TimeSetting_Enter  time_setting.o
    0x08004f60   0x08004f60   0x00000104   Code   RO         3971    i.TimeSetting_HandleKey  time_setting.o
    0x08005064   0x08005064   0x00000076   Code   RO         3222    i.Timer2_Init       timer.o
    0x080050da   0x080050da   0x00000002   PAD
    0x080050dc   0x080050dc   0x00000078   Code   RO         3223    i.Timer2_Tasks      timer.o
    0x08005154   0x08005154   0x00000074   Code   RO         3224    i.Timer3_Init       timer.o
    0x080051c8   0x080051c8   0x0000000c   Code   RO         3225    i.Timer_Init        timer.o
    0x080051d4   0x080051d4   0x0000004c   Code   RO         4152    i.Update_Rects      dino_game.o
    0x08005220   0x08005220   0x00000004   Code   RO         4378    i.UsageFault_Handler  stm32f10x_it.o
    0x08005224   0x08005224   0x00000028   Code   RO         4773    i.__ARM_fpclassify  m_ws.l(fpclassify.o)
    0x0800524c   0x0800524c   0x00000388   Code   RO         4719    i.__ieee754_rem_pio2  m_ws.l(rred.o)
    0x080055d4   0x080055d4   0x000000fc   Code   RO         4701    i.__kernel_cos      m_ws.l(cos_i.o)
    0x080056d0   0x080056d0   0x000000aa   Code   RO         4775    i.__kernel_poly     m_ws.l(poly.o)
    0x0800577a   0x0800577a   0x00000002   PAD
    0x0800577c   0x0800577c   0x000000ec   Code   RO         4724    i.__kernel_sin      m_ws.l(sin_i.o)
    0x08005868   0x08005868   0x00000006   Code   RO         4705    i.__mathlib_dbl_infnan  m_ws.l(dunder.o)
    0x0800586e   0x0800586e   0x0000000c   Code   RO         4707    i.__mathlib_dbl_invalid  m_ws.l(dunder.o)
    0x0800587a   0x0800587a   0x00000002   PAD
    0x0800587c   0x0800587c   0x00000010   Code   RO         4710    i.__mathlib_dbl_underflow  m_ws.l(dunder.o)
    0x0800588c   0x0800588c   0x0000000e   Code   RO         4457    i._is_digit         c_w.l(__printf_wp.o)
    0x0800589a   0x0800589a   0x0000000c   Code   RO         4355    i.main              main.o
    0x080058a6   0x080058a6   0x00000002   PAD
    0x080058a8   0x080058a8   0x000000a0   Code   RO         4544    i.sin               m_ws.l(sin.o)
    0x08005948   0x08005948   0x0000002c   Code   RO         4817    locale$$code        c_w.l(lc_numeric_c.o)
    0x08005974   0x08005974   0x0000002c   Code   RO         4842    locale$$code        c_w.l(lc_ctype_c.o)
    0x080059a0   0x080059a0   0x00000150   Code   RO         4489    x$fpl$dadd          fz_ws.l(daddsub_clz.o)
    0x08005af0   0x08005af0   0x00000010   Code   RO         4831    x$fpl$dcheck1       fz_ws.l(dcheck1.o)
    0x08005b00   0x08005b00   0x000002b0   Code   RO         4496    x$fpl$ddiv          fz_ws.l(ddiv.o)
    0x08005db0   0x08005db0   0x0000005e   Code   RO         4499    x$fpl$dfix          fz_ws.l(dfix.o)
    0x08005e0e   0x08005e0e   0x00000002   PAD
    0x08005e10   0x08005e10   0x0000005a   Code   RO         4503    x$fpl$dfixu         fz_ws.l(dfixu.o)
    0x08005e6a   0x08005e6a   0x0000002e   Code   RO         4508    x$fpl$dflt          fz_ws.l(dflt_clz.o)
    0x08005e98   0x08005e98   0x00000026   Code   RO         4507    x$fpl$dfltu         fz_ws.l(dflt_clz.o)
    0x08005ebe   0x08005ebe   0x00000002   PAD
    0x08005ec0   0x08005ec0   0x00000154   Code   RO         4515    x$fpl$dmul          fz_ws.l(dmul.o)
    0x08006014   0x08006014   0x0000009c   Code   RO         4670    x$fpl$dnaninf       fz_ws.l(dnaninf.o)
    0x080060b0   0x080060b0   0x0000000c   Code   RO         4672    x$fpl$dretinf       fz_ws.l(dretinf.o)
    0x080060bc   0x080060bc   0x00000016   Code   RO         4490    x$fpl$drsb          fz_ws.l(daddsub_clz.o)
    0x080060d2   0x080060d2   0x00000002   PAD
    0x080060d4   0x080060d4   0x000001d4   Code   RO         4491    x$fpl$dsub          fz_ws.l(daddsub_clz.o)
    0x080062a8   0x080062a8   0x00000004   Code   RO         4682    x$fpl$printf1       fz_ws.l(printf1.o)
    0x080062ac   0x080062ac   0x00000004   Code   RO         4684    x$fpl$printf2       fz_ws.l(printf2.o)
    0x080062b0   0x080062b0   0x00000064   Code   RO         4848    x$fpl$retnan        fz_ws.l(retnan.o)
    0x08006314   0x08006314   0x0000005c   Code   RO         4771    x$fpl$scalbn        fz_ws.l(scalbn.o)
    0x08006370   0x08006370   0x00000030   Code   RO         4866    x$fpl$trapveneer    fz_ws.l(trapv.o)
    0x080063a0   0x080063a0   0x00000000   Code   RO         4690    x$fpl$usenofp       fz_ws.l(usenofp.o)
    0x080063a0   0x080063a0   0x00004c5d   Data   RO         3680    .constdata          oled_data.o
    0x0800affd   0x0800affd   0x00000011   Data   RO         4465    .constdata          c_w.l(__printf_flags_ss_wp.o)
    0x0800b00e   0x0800b00e   0x00000002   PAD
    0x0800b010   0x0800b010   0x00000008   Data   RO         4567    .constdata          c_w.l(_printf_wctomb.o)
    0x0800b018   0x0800b018   0x00000028   Data   RO         4596    .constdata          c_w.l(_printf_hex_int_ll_ptr.o)
    0x0800b040   0x0800b040   0x0000000c   Data   RO         4620    .constdata          c_w.l(_monlen.o)
    0x0800b04c   0x0800b04c   0x00000004   PAD
    0x0800b050   0x0800b050   0x00000030   Data   RO         4702    .constdata          m_ws.l(cos_i.o)
    0x0800b080   0x0800b080   0x000000c8   Data   RO         4721    .constdata          m_ws.l(rred.o)
    0x0800b148   0x0800b148   0x00000028   Data   RO         4725    .constdata          m_ws.l(sin_i.o)
    0x0800b170   0x0800b170   0x00000026   Data   RO         4755    .constdata          c_w.l(_printf_fp_hex.o)
    0x0800b196   0x0800b196   0x00000002   PAD
    0x0800b198   0x0800b198   0x00000094   Data   RO         4792    .constdata          c_w.l(bigflt0.o)
    0x0800b22c   0x0800b22c   0x0000001c   Data   RO         3887    .conststring        menu.o
    0x0800b248   0x0800b248   0x00000028   Data   RO         3945    .conststring        time_app.o
    0x0800b270   0x0800b270   0x0000000c   Data   RO         4120    .conststring        game_app.o
    0x0800b27c   0x0800b27c   0x00000020   Data   RO         4913    Region$$Table       anon$$obj.o
    0x0800b29c   0x0800b29c   0x0000001c   Data   RO         4816    locale$$data        c_w.l(lc_numeric_c.o)
    0x0800b2b8   0x0800b2b8   0x00000110   Data   RO         4841    locale$$data        c_w.l(lc_ctype_c.o)


    Execution Region RW_IRAM1 (Exec base: 0x20000000, Load base: 0x0800b3c8, Size: 0x00000cd8, Max: 0x00005000, ABSOLUTE, COMPRESSED[0x000000a4])

    Exec Addr    Load Addr    Size         Type   Attr      Idx    E Section Name        Object

    0x20000000   COMPRESSED   0x00000005   Data   RW         3226    .data               timer.o
    0x20000005   COMPRESSED   0x00000001   PAD
    0x20000006   COMPRESSED   0x0000000d   Data   RW         3295    .data               myrtc.o
    0x20000013   COMPRESSED   0x00000002   Data   RW         3358    .data               key.o
    0x20000015   COMPRESSED   0x00000003   Data   RW         3397    .data               buzzer.o
    0x20000018   COMPRESSED   0x00000039   Data   RW         3888    .data               menu.o
    0x20000051   COMPRESSED   0x00000003   PAD
    0x20000054   COMPRESSED   0x0000000d   Data   RW         3946    .data               time_app.o
    0x20000061   COMPRESSED   0x00000001   Data   RW         3973    .data               time_setting.o
    0x20000062   COMPRESSED   0x00000005   Data   RW         4005    .data               alarm.o
    0x20000067   COMPRESSED   0x00000001   PAD
    0x20000068   COMPRESSED   0x0000000d   Data   RW         4044    .data               countdown.o
    0x20000075   COMPRESSED   0x00000004   Data   RW         4086    .data               flashlight.o
    0x20000079   COMPRESSED   0x00000003   PAD
    0x2000007c   COMPRESSED   0x00000005   Data   RW         4121    .data               game_app.o
    0x20000081   COMPRESSED   0x00000003   PAD
    0x20000084   COMPRESSED   0x00000021   Data   RW         4153    .data               dino_game.o
    0x200000a5   COMPRESSED   0x00000003   PAD
    0x200000a8   COMPRESSED   0x00000079   Data   RW         4210    .data               emoji.o
    0x20000121   COMPRESSED   0x00000002   Data   RW         4239    .data               auto_sleep.o
    0x20000123   COMPRESSED   0x00000001   Data   RW         4281    .data               motion_wakeup.o
    0x20000124   COMPRESSED   0x0000000b   Data   RW         4315    .data               battery.o
    0x2000012f   COMPRESSED   0x00000001   PAD
    0x20000130        -       0x00000018   Zero   RW         3357    .bss                key.o
    0x20000148        -       0x00000400   Zero   RW         3465    .bss                oled.o
    0x20000548        -       0x0000000c   Zero   RW         3972    .bss                time_setting.o
    0x20000554        -       0x00000014   Zero   RW         4314    .bss                battery.o
    0x20000568        -       0x000000e4   Zero   RW         4471    .bss                c_w.l(rand.o)
    0x2000064c        -       0x0000002c   Zero   RW         4479    .bss                c_w.l(localtime.o)
    0x20000678        -       0x00000060   Zero   RW         4778    .bss                c_w.l(libspace.o)
    0x200006d8        -       0x00000200   Zero   RW            2    HEAP                startup_stm32f10x_md.o
    0x200008d8        -       0x00000400   Zero   RW            1    STACK               startup_stm32f10x_md.o


==============================================================================

Image component sizes


      Code (inc. data)   RO Data    RW Data    ZI Data      Debug   Object Name

       196         14          0          0          0       1000   ad.o
       492        116          0          5          0       2706   alarm.o
       128          6          0          0          0       1537   app.o
       140         38          0          2          0       2701   auto_sleep.o
       292         54          0         11         20       2181   battery.o
       308         50          0          3          0       2043   buzzer.o
         0          0          0          0          0       4500   core_cm3.o
       952        158          0         13          0       3814   countdown.o
        70          0          0          0          0        882   delay.o
      1132        270          0         33          0       5358   dino_game.o
        76         18          0        121          0       1664   emoji.o
       292         70          0          4          0       2132   flashlight.o
       220         18         12          5          0       2234   game_app.o
       468         50          0          2         24       3189   key.o
        88         10          0          0          0       1218   led.o
        12          0          0          0          0        395   main.o
      1592        178         28         57          0       4760   menu.o
       132         22          0          0          0     213635   misc.o
       134         14          0          1          0       2076   motion_wakeup.o
       336          0          0          0          0       2650   mpu6050.o
       344         18          0          0          0       4634   myi2c.o
       274         16          0         13          0       2969   myrtc.o
      2120         70          0          0       1024      13385   oled.o
         0          0      19549          0          0       3217   oled_data.o
       216         38          0          0          0      15619   power.o
        64         26        236          0       1536        804   startup_stm32f10x_md.o
       394         10          0          0          0      18005   stm32f10x_adc.o
        56         10          0          0          0       2019   stm32f10x_bkp.o
       314          0          0          0          0      12180   stm32f10x_gpio.o
        26          0          0          0          0       3542   stm32f10x_it.o
        12          6          0          0          0        454   stm32f10x_pwr.o
       228         38          0          0          0       3504   stm32f10x_rcc.o
       176         34          0          0          0       3123   stm32f10x_rtc.o
       258         42          0          0          0      23948   stm32f10x_tim.o
       328         28          0          0          0      30353   system_stm32f10x.o
       260         20         40         13          0       2234   time_app.o
       560        108          0          1         12       2535   time_setting.o
       434         34          0          5          0       3440   timer.o

    ----------------------------------------------------------------------
     13150       1584      19897        304       2616     406640   Object Totals
         0          0         32          0          0          0   (incl. Generated)
        26          0          0         15          0          0   (incl. Padding)

    ----------------------------------------------------------------------

      Code (inc. data)   RO Data    RW Data    ZI Data      Debug   Library Member Name

        44          6          0          0          0         84   __2sprintf.o
        90          0          0          0          0          0   __dczerorl2.o
         8          0          0          0          0         68   __main.o
       392          4         17          0          0         92   __printf_flags_ss_wp.o
        14          0          0          0          0         68   __printf_wp.o
         0          0          0          0          0          0   __rtentry.o
        12          0          0          0          0          0   __rtentry2.o
         6          0          0          0          0          0   __rtentry4.o
        52          8          0          0          0          0   __scatter.o
        28          0          0          0          0          0   __scatter_zi.o
         0          0         12          0          0          0   _monlen.o
         6          0          0          0          0          0   _printf_a.o
         6          0          0          0          0          0   _printf_c.o
        44          0          0          0          0        108   _printf_char.o
        48          6          0          0          0         96   _printf_char_common.o
        40          0          0          0          0         68   _printf_charcount.o
         6          0          0          0          0          0   _printf_d.o
       120         16          0          0          0         92   _printf_dec.o
         6          0          0          0          0          0   _printf_e.o
         6          0          0          0          0          0   _printf_f.o
      1054          0          0          0          0        216   _printf_fp_dec.o
       764          8         38          0          0        100   _printf_fp_hex.o
       128         16          0          0          0         84   _printf_fp_infnan.o
         6          0          0          0          0          0   _printf_g.o
       148          4         40          0          0        160   _printf_hex_int_ll_ptr.o
         6          0          0          0          0          0   _printf_i.o
       178          0          0          0          0         88   _printf_intcommon.o
        10          0          0          0          0          0   _printf_l.o
         6          0          0          0          0          0   _printf_lc.o
        10          0          0          0          0          0   _printf_ll.o
         6          0          0          0          0          0   _printf_lld.o
         6          0          0          0          0          0   _printf_lli.o
         6          0          0          0          0          0   _printf_llo.o
         6          0          0          0          0          0   _printf_llu.o
         6          0          0          0          0          0   _printf_llx.o
       124         16          0          0          0         92   _printf_longlong_dec.o
         6          0          0          0          0          0   _printf_ls.o
         6          0          0          0          0          0   _printf_n.o
         6          0          0          0          0          0   _printf_o.o
       112         10          0          0          0        124   _printf_oct_int_ll.o
         6          0          0          0          0          0   _printf_p.o
        78          0          0          0          0        108   _printf_pad.o
         0          0          0          0          0          0   _printf_percent.o
         4          0          0          0          0          0   _printf_percent_end.o
         6          0          0          0          0          0   _printf_s.o
        82          0          0          0          0         80   _printf_str.o
        36          0          0          0          0         84   _printf_truncate.o
         6          0          0          0          0          0   _printf_u.o
        44          0          0          0          0        108   _printf_wchar.o
       188          6          8          0          0         92   _printf_wctomb.o
         6          0          0          0          0          0   _printf_x.o
        22          0          0          0          0        100   _rserrno.o
        10          0          0          0          0         68   _sputc.o
        64          0          0          0          0         92   _wcrtomb.o
       228          4        148          0          0         96   bigflt0.o
      1936        128          0          0          0        672   btod.o
        18          0          0          0          0         80   exit.o
         6          0          0          0          0        152   heapauxi.o
         0          0          0          0          0          0   indicate_semi.o
        44         10        272          0          0         76   lc_ctype_c.o
        44         10         28          0          0         76   lc_numeric_c.o
         2          0          0          0          0          0   libinit.o
        34          0          0          0          0          0   libinit2.o
         2          0          0          0          0          0   libshutdown.o
         2          0          0          0          0          0   libshutdown2.o
         8          4          0          0         96         68   libspace.o
       138          0          0          0          0         80   lludiv10.o
        12          6          0          0         44         68   localtime.o
       184          6          0          0          0         80   localtime_internal.o
       428         10          0          0          0        116   mktime.o
       112         18          0          0        228        160   rand.o
        16          4          0          0          0         76   rt_ctype_table.o
         8          4          0          0          0         68   rt_errno_addr_intlibspace.o
         8          4          0          0          0         68   rt_locale_intlibspace.o
        78          0          0          0          0         80   rt_memclr_w.o
       100          0          0          0          0         80   rt_memcpy_w.o
         2          0          0          0          0          0   rtexit.o
        10          0          0          0          0          0   rtexit2.o
       128          0          0          0          0         68   strcmpv7m.o
        12          4          0          0          0         68   sys_exit.o
        74          0          0          0          0         80   sys_stackheap_outer.o
         2          0          0          0          0         68   use_no_semi.o
        36          4          0          0          0         76   vsprintf.o
       826         16          0          0          0        348   daddsub_clz.o
        16          4          0          0          0         68   dcheck1.o
       688        140          0          0          0        208   ddiv.o
        94          4          0          0          0         92   dfix.o
        90          4          0          0          0         92   dfixu.o
        84          0          0          0          0        136   dflt_clz.o
       340         12          0          0          0        104   dmul.o
       156          4          0          0          0         92   dnaninf.o
        12          0          0          0          0         68   dretinf.o
         4          0          0          0          0         68   printf1.o
         4          0          0          0          0         68   printf2.o
       100          0          0          0          0         68   retnan.o
        92          0          0          0          0         68   scalbn.o
        48          0          0          0          0         68   trapv.o
         0          0          0          0          0          0   usenofp.o
       252         22         48          0          0        124   cos_i.o
        34          6          0          0          0        204   dunder.o
        40          0          0          0          0         68   fpclassify.o
       170          0          0          0          0         96   poly.o
       904         76        200          0          0        140   rred.o
       160         10          0          0          0        108   sin.o
       236         12         40          0          0        128   sin_i.o

    ----------------------------------------------------------------------
     12118        626        859          0        368       7144   Library Totals
        22          0          8          0          0          0   (incl. Padding)

    ----------------------------------------------------------------------

      Code (inc. data)   RO Data    RW Data    ZI Data      Debug   Library Name

      7746        316        563          0        368       4728   c_w.l
      2554        184          0          0          0       1548   fz_ws.l
      1796        126        288          0          0        868   m_ws.l

    ----------------------------------------------------------------------
     12118        626        859          0        368       7144   Library Totals

    ----------------------------------------------------------------------

==============================================================================


      Code (inc. data)   RO Data    RW Data    ZI Data      Debug   

     25268       2210      20756        304       2984     401300   Grand Totals
     25268       2210      20756        164       2984     401300   ELF Image Totals (compressed)
     25268       2210      20756        164          0          0   ROM Totals

==============================================================================

    Total RO  Size (Code + RO Data)                46024 (  44.95kB)
    Total RW  Size (RW Data + ZI Data)              3288 (   3.21kB)
    Total ROM Size (Code + RO Data + RW Data)      46188 (  45.11kB)

==============================================================================

